<html>
<body>
<pre>
<h1>µVision Build Log</h1>
<h2>Tool Versions:</h2>
IDE-Version: ¦ÌVision V5.38.0.0
Copyright (C) 2022 ARM Ltd and ARM Germany GmbH. All rights reserved.
License Information: yh zhang, fudan, LIC=03C6R-KKMY1-NNZAF-6E19J-W1ZVS-9RPYW
 
Tool Versions:
Toolchain:       MDK-ARM Plus  Version: 5.38.0.0
Toolchain Path:  D:\keil5\exe\ARM\ARMCC\Bin
C Compiler:      Armcc.exe V5.06 update 7 (build 960)
Assembler:       Armasm.exe V5.06 update 7 (build 960)
Linker/Locator:  ArmLink.exe V5.06 update 7 (build 960)
Library Manager: ArmAr.exe V5.06 update 7 (build 960)
Hex Converter:   FromElf.exe V5.06 update 7 (build 960)
CPU DLL:         SARMCM3.DLL V5.38.0.0
Dialog DLL:      DCM.DLL V1.17.5.0
Target DLL:      STLink\ST-LINKIII-KEIL_SWO.dll V3.1.0.0
Dialog DLL:      TCM.DLL V1.56.4.0
 
<h2>Project:</h2>
D:\nucleo-test\FreeMODBUS\MDK-ARM\FreeMODBUS.uvprojx
Project File Date:  04/24/2026

<h2>Output:</h2>
*** Using Compiler 'V5.06 update 7 (build 960)', folder: 'D:\keil5\exe\ARM\ARMCC\Bin'
Rebuild target 'FreeMODBUS'
assembling startup_stm32g474xx.s...
compiling user_mb_app.c...
compiling tim.c...
compiling stm32g4xx_hal_msp.c...
compiling gpio.c...
compiling stm32g4xx_it.c...
compiling stm32g4xx_hal.c...
compiling stm32g4xx_hal_pwr_ex.c...
compiling main.c...
compiling usart.c...
compiling stm32g4xx_hal_flash.c...
compiling stm32g4xx_hal_rcc.c...
compiling stm32g4xx_hal_rcc_ex.c...
compiling stm32g4xx_hal_tim_ex.c...
compiling mb.c...
..\modbus\mb.c(64): warning:  #550-D: variable "eMBCurrentMode"  was set but never used
  static eMBMode  eMBCurrentMode;
..\modbus\mb.c: 1 warning, 0 errors
compiling stm32g4xx_hal_tim.c...
compiling mbfunccoils.c...
compiling mbfuncdisc.c...
compiling mbfuncinput.c...
compiling mbfuncholding.c...
compiling mbfuncother.c...
compiling mbutils.c...
compiling portevent.c...
compiling stm32g4xx_hal_flash_ramfunc.c...
compiling stm32g4xx_hal_cortex.c...
compiling stm32g4xx_hal_exti.c...
compiling stm32g4xx_hal_dma_ex.c...
compiling stm32g4xx_hal_pwr.c...
compiling mbcrc.c...
compiling mbrtu.c...
compiling system_stm32g4xx.c...
compiling stm32g4xx_hal_uart_ex.c...
compiling portserial.c...
compiling mbascii.c...
compiling porttimer.c...
compiling stm32g4xx_hal_gpio.c...
compiling stm32g4xx_hal_dma.c...
compiling stm32g4xx_hal_flash_ex.c...
compiling stm32g4xx_hal_uart.c...
linking...
Program Size: Code=10354 RO-data=1082 RW-data=224 ZI-data=2544  
FromELF: creating hex file...
"FreeMODBUS\FreeMODBUS.axf" - 0 Error(s), 1 Warning(s).

<h2>Software Packages used:</h2>

Package Vendor: ARM
                http://www.keil.com/pack/ARM.CMSIS.5.9.0.pack
                ARM.CMSIS.5.9.0
                CMSIS (Common Microcontroller Software Interface Standard)
   * Component: CORE Version: 5.6.0

Package Vendor: Keil
                https://www.keil.com/pack/Keil.STM32G4xx_DFP.1.5.0.pack
                Keil.STM32G4xx_DFP.1.5.0
                STMicroelectronics STM32G4 Series Device Support, Drivers and Examples

<h2>Collection of Component include folders:</h2>
  ./RTE/_FreeMODBUS
  D:/keil5/packs/ARM/CMSIS/5.9.0/CMSIS/Core/Include
  D:/keil5/packs/Keil/STM32G4xx_DFP/1.5.0/Drivers/CMSIS/Device/ST/STM32G4xx/Include

<h2>Collection of Component Files used:</h2>

   * Component: ARM::CMSIS:CORE:5.6.0
      Include file:  CMSIS/Core/Include/tz_context.h
Build Time Elapsed:  00:00:13
</pre>
</body>
</html>
