Component: ARM Compiler 5.06 update 7 (build 960) Tool: armlink [4d3601]

==============================================================================

Section Cross References

    startup_stm32g474xx.o(STACK) refers (Special) to heapauxi.o(.text) for __use_two_region_memory
    startup_stm32g474xx.o(HEAP) refers (Special) to heapauxi.o(.text) for __use_two_region_memory
    startup_stm32g474xx.o(RESET) refers (Special) to heapauxi.o(.text) for __use_two_region_memory
    startup_stm32g474xx.o(RESET) refers to startup_stm32g474xx.o(STACK) for __initial_sp
    startup_stm32g474xx.o(RESET) refers to startup_stm32g474xx.o(.text) for Reset_Handler
    startup_stm32g474xx.o(RESET) refers to stm32g4xx_it.o(i.NMI_Handler) for NMI_Handler
    startup_stm32g474xx.o(RESET) refers to stm32g4xx_it.o(i.HardFault_Handler) for HardFault_Handler
    startup_stm32g474xx.o(RESET) refers to stm32g4xx_it.o(i.MemManage_Handler) for MemManage_Handler
    startup_stm32g474xx.o(RESET) refers to stm32g4xx_it.o(i.BusFault_Handler) for BusFault_Handler
    startup_stm32g474xx.o(RESET) refers to stm32g4xx_it.o(i.UsageFault_Handler) for UsageFault_Handler
    startup_stm32g474xx.o(RESET) refers to stm32g4xx_it.o(i.SVC_Handler) for SVC_Handler
    startup_stm32g474xx.o(RESET) refers to stm32g4xx_it.o(i.DebugMon_Handler) for DebugMon_Handler
    startup_stm32g474xx.o(RESET) refers to stm32g4xx_it.o(i.PendSV_Handler) for PendSV_Handler
    startup_stm32g474xx.o(RESET) refers to stm32g4xx_it.o(i.SysTick_Handler) for SysTick_Handler
    startup_stm32g474xx.o(RESET) refers to portserial.o(i.USART3_IRQHandler) for USART3_IRQHandler
    startup_stm32g474xx.o(RESET) refers to porttimer.o(i.TIM7_DAC_IRQHandler) for TIM7_DAC_IRQHandler
    startup_stm32g474xx.o(.text) refers (Special) to heapauxi.o(.text) for __use_two_region_memory
    startup_stm32g474xx.o(.text) refers to system_stm32g4xx.o(i.SystemInit) for SystemInit
    startup_stm32g474xx.o(.text) refers to __main.o(!!!main) for __main
    startup_stm32g474xx.o(.text) refers to startup_stm32g474xx.o(HEAP) for Heap_Mem
    startup_stm32g474xx.o(.text) refers to startup_stm32g474xx.o(STACK) for Stack_Mem
    user_mb_app.o(i.eMBRegCoilsCB) refers to mbutils.o(i.xMBUtilGetBits) for xMBUtilGetBits
    user_mb_app.o(i.eMBRegCoilsCB) refers to mbutils.o(i.xMBUtilSetBits) for xMBUtilSetBits
    user_mb_app.o(i.eMBRegCoilsCB) refers to user_mb_app.o(.data) for .data
    user_mb_app.o(i.eMBRegDiscreteCB) refers to mbutils.o(i.xMBUtilGetBits) for xMBUtilGetBits
    user_mb_app.o(i.eMBRegDiscreteCB) refers to user_mb_app.o(.data) for .data
    user_mb_app.o(i.eMBRegHoldingCB) refers to user_mb_app.o(.bss) for .bss
    user_mb_app.o(i.eMBRegHoldingCB) refers to user_mb_app.o(.data) for .data
    user_mb_app.o(i.eMBRegInputCB) refers to user_mb_app.o(.bss) for .bss
    user_mb_app.o(i.eMBRegInputCB) refers to user_mb_app.o(.data) for .data
    main.o(i.HAL_TIM_PeriodElapsedCallback) refers to mb.o(.data) for pxMBPortCBTimerExpired
    main.o(i.SystemClock_Config) refers to rt_memclr_w.o(.text) for __aeabi_memclr4
    main.o(i.SystemClock_Config) refers to stm32g4xx_hal_pwr_ex.o(i.HAL_PWREx_ControlVoltageScaling) for HAL_PWREx_ControlVoltageScaling
    main.o(i.SystemClock_Config) refers to stm32g4xx_hal_rcc.o(i.HAL_RCC_OscConfig) for HAL_RCC_OscConfig
    main.o(i.SystemClock_Config) refers to stm32g4xx_hal_rcc.o(i.HAL_RCC_ClockConfig) for HAL_RCC_ClockConfig
    main.o(i.main) refers to stm32g4xx_hal.o(i.HAL_Init) for HAL_Init
    main.o(i.main) refers to main.o(i.SystemClock_Config) for SystemClock_Config
    main.o(i.main) refers to gpio.o(i.MX_GPIO_Init) for MX_GPIO_Init
    main.o(i.main) refers to tim.o(i.MX_TIM7_Init) for MX_TIM7_Init
    main.o(i.main) refers to usart.o(i.MX_USART3_UART_Init) for MX_USART3_UART_Init
    main.o(i.main) refers to mb.o(i.eMBInit) for eMBInit
    main.o(i.main) refers to mb.o(i.eMBEnable) for eMBEnable
    main.o(i.main) refers to mb.o(i.eMBPoll) for eMBPoll
    main.o(i.main) refers to user_mb_app.o(.bss) for usSRegHoldBuf
    tim.o(i.HAL_TIM_Base_MspDeInit) refers to stm32g4xx_hal_cortex.o(i.HAL_NVIC_DisableIRQ) for HAL_NVIC_DisableIRQ
    tim.o(i.HAL_TIM_Base_MspInit) refers to stm32g4xx_hal_cortex.o(i.HAL_NVIC_SetPriority) for HAL_NVIC_SetPriority
    tim.o(i.HAL_TIM_Base_MspInit) refers to stm32g4xx_hal_cortex.o(i.HAL_NVIC_EnableIRQ) for HAL_NVIC_EnableIRQ
    tim.o(i.MX_TIM7_Init) refers to stm32g4xx_hal_tim.o(i.HAL_TIM_Base_Init) for HAL_TIM_Base_Init
    tim.o(i.MX_TIM7_Init) refers to main.o(i.Error_Handler) for Error_Handler
    tim.o(i.MX_TIM7_Init) refers to stm32g4xx_hal_tim_ex.o(i.HAL_TIMEx_MasterConfigSynchronization) for HAL_TIMEx_MasterConfigSynchronization
    tim.o(i.MX_TIM7_Init) refers to tim.o(.bss) for .bss
    usart.o(i.HAL_UART_MspDeInit) refers to stm32g4xx_hal_gpio.o(i.HAL_GPIO_DeInit) for HAL_GPIO_DeInit
    usart.o(i.HAL_UART_MspDeInit) refers to stm32g4xx_hal_cortex.o(i.HAL_NVIC_DisableIRQ) for HAL_NVIC_DisableIRQ
[...]
    ../clib/armsys.c                         0x00000000   Number         0  argv_veneer.o ABSOLUTE
    ../clib/armsys.c                         0x00000000   Number         0  argv_veneer.o ABSOLUTE
    ../clib/heapalloc.c                      0x00000000   Number         0  hrguard.o ABSOLUTE
    ../clib/heapaux.c                        0x00000000   Number         0  heapauxi.o ABSOLUTE
    ../clib/libinit.s                        0x00000000   Number         0  libshutdown2.o ABSOLUTE
    ../clib/libinit.s                        0x00000000   Number         0  libshutdown.o ABSOLUTE
    ../clib/libinit.s                        0x00000000   Number         0  libinit2.o ABSOLUTE
    ../clib/libinit.s                        0x00000000   Number         0  libinit.o ABSOLUTE
    ../clib/longlong.s                       0x00000000   Number         0  lludivv7m.o ABSOLUTE
    ../clib/memcpset.s                       0x00000000   Number         0  rt_memcpy_w.o ABSOLUTE
    ../clib/memcpset.s                       0x00000000   Number         0  rt_memcpy_v6.o ABSOLUTE
    ../clib/memcpset.s                       0x00000000   Number         0  rt_memclr_w.o ABSOLUTE
    ../clib/signal.c                         0x00000000   Number         0  defsig_stak_inner.o ABSOLUTE
    ../clib/signal.c                         0x00000000   Number         0  defsig_abrt_outer.o ABSOLUTE
    ../clib/signal.c                         0x00000000   Number         0  defsig_cppl_inner.o ABSOLUTE
    ../clib/signal.c                         0x00000000   Number         0  defsig_pvfn_inner.o ABSOLUTE
    ../clib/signal.c                         0x00000000   Number         0  defsig_rtmem_inner.o ABSOLUTE
    ../clib/signal.c                         0x00000000   Number         0  defsig_rtred_inner.o ABSOLUTE
    ../clib/signal.c                         0x00000000   Number         0  defsig_abrt_formal.o ABSOLUTE
    ../clib/signal.c                         0x00000000   Number         0  __raise.o ABSOLUTE
    ../clib/signal.c                         0x00000000   Number         0  defsig_general.o ABSOLUTE
    ../clib/signal.c                         0x00000000   Number         0  defsig_rtmem_outer.o ABSOLUTE
    ../clib/signal.c                         0x00000000   Number         0  defsig_rtmem_formal.o ABSOLUTE
    ../clib/signal.c                         0x00000000   Number         0  defsig_other.o ABSOLUTE
    ../clib/signal.c                         0x00000000   Number         0  defsig_fpe_inner.o ABSOLUTE
    ../clib/signal.c                         0x00000000   Number         0  defsig_exit.o ABSOLUTE
    ../clib/signal.c                         0x00000000   Number         0  defsig_segv_inner.o ABSOLUTE
    ../clib/signal.c                         0x00000000   Number         0  defsig_abrt_inner.o ABSOLUTE
    ../clib/signal.c                         0x00000000   Number         0  defsig_fpe_formal.o ABSOLUTE
    ../clib/signal.c                         0x00000000   Number         0  defsig_fpe_outer.o ABSOLUTE
    ../clib/signal.s                         0x00000000   Number         0  defsig.o ABSOLUTE
    ../clib/stdlib.c                         0x00000000   Number         0  abort.o ABSOLUTE
    ../clib/stdlib.c                         0x00000000   Number         0  exit.o ABSOLUTE
    ../fplib/fpinit.s                        0x00000000   Number         0  fpinit.o ABSOLUTE
    ..\Core\Src\gpio.c                       0x00000000   Number         0  gpio.o ABSOLUTE
    ..\Core\Src\main.c                       0x00000000   Number         0  main.o ABSOLUTE
    ..\Core\Src\stm32g4xx_hal_msp.c          0x00000000   Number         0  stm32g4xx_hal_msp.o ABSOLUTE
    ..\Core\Src\stm32g4xx_it.c               0x00000000   Number         0  stm32g4xx_it.o ABSOLUTE
    ..\Core\Src\system_stm32g4xx.c           0x00000000   Number         0  system_stm32g4xx.o ABSOLUTE
    ..\Core\Src\tim.c                        0x00000000   Number         0  tim.o ABSOLUTE
    ..\Core\Src\usart.c                      0x00000000   Number         0  usart.o ABSOLUTE
    ..\Drivers\STM32G4xx_HAL_Driver\Src\stm32g4xx_hal.c 0x00000000   Number         0  stm32g4xx_hal.o ABSOLUTE
    ..\Drivers\STM32G4xx_HAL_Driver\Src\stm32g4xx_hal_cortex.c 0x00000000   Number         0  stm32g4xx_hal_cortex.o ABSOLUTE
    ..\Drivers\STM32G4xx_HAL_Driver\Src\stm32g4xx_hal_dma.c 0x00000000   Number         0  stm32g4xx_hal_dma.o ABSOLUTE
    ..\Drivers\STM32G4xx_HAL_Driver\Src\stm32g4xx_hal_dma_ex.c 0x00000000   Number         0  stm32g4xx_hal_dma_ex.o ABSOLUTE
    ..\Drivers\STM32G4xx_HAL_Driver\Src\stm32g4xx_hal_exti.c 0x00000000   Number         0  stm32g4xx_hal_exti.o ABSOLUTE
    ..\Drivers\STM32G4xx_HAL_Driver\Src\stm32g4xx_hal_flash.c 0x00000000   Number         0  stm32g4xx_hal_flash.o ABSOLUTE
    ..\Drivers\STM32G4xx_HAL_Driver\Src\stm32g4xx_hal_flash_ex.c 0x00000000   Number         0  stm32g4xx_hal_flash_ex.o ABSOLUTE
    ..\Drivers\STM32G4xx_HAL_Driver\Src\stm32g4xx_hal_flash_ramfunc.c 0x00000000   Number         0  stm32g4xx_hal_flash_ramfunc.o ABSOLUTE
    ..\Drivers\STM32G4xx_HAL_Driver\Src\stm32g4xx_hal_gpio.c 0x00000000   Number         0  stm32g4xx_hal_gpio.o ABSOLUTE
    ..\Drivers\STM32G4xx_HAL_Driver\Src\stm32g4xx_hal_pwr.c 0x00000000   Number         0  stm32g4xx_hal_pwr.o ABSOLUTE
    ..\Drivers\STM32G4xx_HAL_Driver\Src\stm32g4xx_hal_pwr_ex.c 0x00000000   Number         0  stm32g4xx_hal_pwr_ex.o ABSOLUTE
    ..\Drivers\STM32G4xx_HAL_Driver\Src\stm32g4xx_hal_rcc.c 0x00000000   Number         0  stm32g4xx_hal_rcc.o ABSOLUTE
    ..\Drivers\STM32G4xx_HAL_Driver\Src\stm32g4xx_hal_rcc_ex.c 0x00000000   Number         0  stm32g4xx_hal_rcc_ex.o ABSOLUTE
    ..\Drivers\STM32G4xx_HAL_Driver\Src\stm32g4xx_hal_tim.c 0x00000000   Number         0  stm32g4xx_hal_tim.o ABSOLUTE
    ..\Drivers\STM32G4xx_HAL_Driver\Src\stm32g4xx_hal_tim_ex.c 0x00000000   Number         0  stm32g4xx_hal_tim_ex.o ABSOLUTE
    ..\Drivers\STM32G4xx_HAL_Driver\Src\stm32g4xx_hal_uart.c 0x00000000   Number         0  stm32g4xx_hal_uart.o ABSOLUTE
    ..\Drivers\STM32G4xx_HAL_Driver\Src\stm32g4xx_hal_uart_ex.c 0x00000000   Number         0  stm32g4xx_hal_uart_ex.o ABSOLUTE
    ..\\modbus\\modebus_port\\portserial.c   0x00000000   Number         0  portserial.o ABSOLUTE
    ..\\modbus\\modebus_port\\porttimer.c    0x00000000   Number         0  porttimer.o ABSOLUTE
    ..\modbus\ascii\mbascii.c                0x00000000   Number         0  mbascii.o ABSOLUTE
    ..\modbus\functions\mbfunccoils.c        0x00000000   Number         0  mbfunccoils.o ABSOLUTE
    ..\modbus\functions\mbfuncdisc.c         0x00000000   Number         0  mbfuncdisc.o ABSOLUTE
    ..\modbus\functions\mbfuncholding.c      0x00000000   Number         0  mbfuncholding.o ABSOLUTE
    ..\modbus\functions\mbfuncinput.c        0x00000000   Number         0  mbfuncinput.o ABSOLUTE
    ..\modbus\functions\mbfuncother.c        0x00000000   Number         0  mbfuncother.o ABSOLUTE
    ..\modbus\functions\mbutils.c            0x00000000   Number         0  mbutils.o ABSOLUTE
    ..\modbus\mb.c                           0x00000000   Number         0  mb.o ABSOLUTE
    ..\modbus\modebus_port\portevent.c       0x00000000   Number         0  portevent.o ABSOLUTE
    ..\modbus\modebus_port\portserial.c      0x00000000   Number         0  portserial.o ABSOLUTE
    ..\modbus\modebus_port\porttimer.c       0x00000000   Number         0  porttimer.o ABSOLUTE
    ..\modbus\rtu\mbcrc.c                    0x00000000   Number         0  mbcrc.o ABSOLUTE
    ..\modbus\rtu\mbrtu.c                    0x00000000   Number         0  mbrtu.o ABSOLUTE
    ..\modbus\user_mb_app.c                  0x00000000   Number         0  user_mb_app.o ABSOLUTE
    dc.s                                     0x00000000   Number         0  dc.o ABSOLUTE
    startup_stm32g474xx.s                    0x00000000   Number         0  startup_stm32g474xx.o ABSOLUTE
    RESET                                    0x08000000   Section      472  startup_stm32g474xx.o(RESET)
    !!!main                                  0x080001d8   Section        8  __main.o(!!!main)
    !!!scatter                               0x080001e0   Section       52  __scatter.o(!!!scatter)
    !!handler_copy                           0x08000214   Section       26  __scatter_copy.o(!!handler_copy)
    !!handler_zi                             0x08000230   Section       28  __scatter_zi.o(!!handler_zi)
    .ARM.Collect$$libinit$$00000000          0x0800024c   Section        2  libinit.o(.ARM.Collect$$libinit$$00000000)
    .ARM.Collect$$libinit$$00000001          0x0800024e   Section        4  libinit2.o(.ARM.Collect$$libinit$$00000001)
    .ARM.Collect$$libinit$$00000004          0x08000252   Section        0  libinit2.o(.ARM.Collect$$libinit$$00000004)
    .ARM.Collect$$libinit$$0000000A          0x08000252   Section        0  libinit2.o(.ARM.Collect$$libinit$$0000000A)
    .ARM.Collect$$libinit$$0000000C          0x08000252   Section        0  libinit2.o(.ARM.Collect$$libinit$$0000000C)
    .ARM.Collect$$libinit$$0000000E          0x08000252   Section        0  libinit2.o(.ARM.Collect$$libinit$$0000000E)
    .ARM.Collect$$libinit$$00000011          0x08000252   Section        0  libinit2.o(.ARM.Collect$$libinit$$00000011)
    .ARM.Collect$$libinit$$00000013          0x08000252   Section        0  libinit2.o(.ARM.Collect$$libinit$$00000013)
    .ARM.Collect$$libinit$$00000015          0x08000252   Section        0  libinit2.o(.ARM.Collect$$libinit$$00000015)
    .ARM.Collect$$libinit$$00000017          0x08000252   Section        0  libinit2.o(.ARM.Collect$$libinit$$00000017)
    .ARM.Collect$$libinit$$00000019          0x08000252   Section        0  libinit2.o(.ARM.Collect$$libinit$$00000019)
    .ARM.Collect$$libinit$$0000001B          0x08000252   Section        0  libinit2.o(.ARM.Collect$$libinit$$0000001B)
    .ARM.Collect$$libinit$$0000001D          0x08000252   Section        0  libinit2.o(.ARM.Collect$$libinit$$0000001D)
    .ARM.Collect$$libinit$$0000001F          0x08000252   Section        0  libinit2.o(.ARM.Collect$$libinit$$0000001F)
    .ARM.Collect$$libinit$$00000021          0x08000252   Section        0  libinit2.o(.ARM.Collect$$libinit$$00000021)
    .ARM.Collect$$libinit$$00000023          0x08000252   Section        0  libinit2.o(.ARM.Collect$$libinit$$00000023)
    .ARM.Collect$$libinit$$00000025          0x08000252   Section        0  libinit2.o(.ARM.Collect$$libinit$$00000025)
    .ARM.Collect$$libinit$$0000002C          0x08000252   Section        0  libinit2.o(.ARM.Collect$$libinit$$0000002C)
    .ARM.Collect$$libinit$$0000002E          0x08000252   Section        0  libinit2.o(.ARM.Collect$$libinit$$0000002E)
    .ARM.Collect$$libinit$$00000030          0x08000252   Section        0  libinit2.o(.ARM.Collect$$libinit$$00000030)
    .ARM.Collect$$libinit$$00000032          0x08000252   Section        0  libinit2.o(.ARM.Collect$$libinit$$00000032)
    .ARM.Collect$$libinit$$00000033          0x08000252   Section        2  libinit2.o(.ARM.Collect$$libinit$$00000033)
    .ARM.Collect$$libshutdown$$00000000      0x08000254   Section        2  libshutdown.o(.ARM.Collect$$libshutdown$$00000000)
    .ARM.Collect$$libshutdown$$00000002      0x08000256   Section        0  libshutdown2.o(.ARM.Collect$$libshutdown$$00000002)
    .ARM.Collect$$libshutdown$$00000004      0x08000256   Section        0  libshutdown2.o(.ARM.Collect$$libshutdown$$00000004)
    .ARM.Collect$$libshutdown$$00000006      0x08000256   Section        0  libshutdown2.o(.ARM.Collect$$libshutdown$$00000006)
    .ARM.Collect$$libshutdown$$00000009      0x08000256   Section        0  libshutdown2.o(.ARM.Collect$$libshutdown$$00000009)
    .ARM.Collect$$libshutdown$$0000000C      0x08000256   Section        0  libshutdown2.o(.ARM.Collect$$libshutdown$$0000000C)
    .ARM.Collect$$libshutdown$$0000000E      0x08000256   Section        0  libshutdown2.o(.ARM.Collect$$libshutdown$$0000000E)
    .ARM.Collect$$libshutdown$$00000011      0x08000256   Section        0  libshutdown2.o(.ARM.Collect$$libshutdown$$00000011)
    .ARM.Collect$$libshutdown$$00000012      0x08000256   Section        2  libshutdown2.o(.ARM.Collect$$libshutdown$$00000012)
    .ARM.Collect$$rtentry$$00000000          0x08000258   Section        0  __rtentry.o(.ARM.Collect$$rtentry$$00000000)
    .ARM.Collect$$rtentry$$00000002          0x08000258   Section        0  __rtentry2.o(.ARM.Collect$$rtentry$$00000002)
    .ARM.Collect$$rtentry$$00000004          0x08000258   Section        6  __rtentry4.o(.ARM.Collect$$rtentry$$00000004)
    .ARM.Collect$$rtentry$$00000009          0x0800025e   Section        0  __rtentry2.o(.ARM.Collect$$rtentry$$00000009)
    .ARM.Collect$$rtentry$$0000000A          0x0800025e   Section        4  __rtentry2.o(.ARM.Collect$$rtentry$$0000000A)
    .ARM.Collect$$rtentry$$0000000C          0x08000262   Section        0  __rtentry2.o(.ARM.Collect$$rtentry$$0000000C)
    .ARM.Collect$$rtentry$$0000000D          0x08000262   Section        8  __rtentry2.o(.ARM.Collect$$rtentry$$0000000D)
    .ARM.Collect$$rtexit$$00000000           0x0800026a   Section        2  rtexit.o(.ARM.Collect$$rtexit$$00000000)
    .ARM.Collect$$rtexit$$00000002           0x0800026c   Section        0  rtexit2.o(.ARM.Collect$$rtexit$$00000002)
    .ARM.Collect$$rtexit$$00000003           0x0800026c   Section        4  rtexit2.o(.ARM.Collect$$rtexit$$00000003)
    .ARM.Collect$$rtexit$$00000004           0x08000270   Section        6  rtexit2.o(.ARM.Collect$$rtexit$$00000004)
    .text                                    0x08000278   Section       64  startup_stm32g474xx.o(.text)
    $v0                                      0x08000278   Number         0  startup_stm32g474xx.o(.text)
    .text                                    0x080002b8   Section      238  lludivv7m.o(.text)
    .text                                    0x080003a6   Section        0  abort.o(.text)
    .text                                    0x080003bc   Section      138  rt_memcpy_v6.o(.text)
    .text                                    0x08000446   Section       78  rt_memclr_w.o(.text)
    .text                                    0x08000494   Section        0  heapauxi.o(.text)
    .text                                    0x0800049c   Section        0  sys_exit.o(.text)
    .text                                    0x080004a8   Section        0  defsig_abrt_outer.o(.text)
    .text                                    0x080004b6   Section      100  rt_memcpy_w.o(.text)
    .text                                    0x0800051a   Section        2  use_no_semi.o(.text)
    .text                                    0x0800051c   Section        0  defsig_exit.o(.text)
    .text                                    0x0800051c   Section        0  indicate_semi.o(.text)
    .text                                    0x08000528   Section        0  defsig_abrt_inner.o(.text)
    .text                                    0x08000558   Section       74  sys_stackheap_outer.o(.text)
    .text                                    0x080005a2   Section        0  exit.o(.text)
    .text                                    0x080005b4   Section        0  defsig_general.o(.text)
    .text                                    0x080005e6   Section        0  sys_wrch.o(.text)
    .text                                    0x080005f4   Section        8  libspace.o(.text)
    i.BusFault_Handler                       0x080005fc   Section        0  stm32g4xx_it.o(i.BusFault_Handler)
    i.DebugMon_Handler                       0x080005fe   Section        0  stm32g4xx_it.o(i.DebugMon_Handler)
    i.Error_Handler                          0x08000600   Section        0  main.o(i.Error_Handler)
    i.HAL_GPIO_Init                          0x08000604   Section        0  stm32g4xx_hal_gpio.o(i.HAL_GPIO_Init)
    i.HAL_GetTick                            0x08000838   Section        0  stm32g4xx_hal.o(i.HAL_GetTick)
    i.HAL_IncTick                            0x08000844   Section        0  stm32g4xx_hal.o(i.HAL_IncTick)
    i.HAL_Init                               0x08000854   Section        0  stm32g4xx_hal.o(i.HAL_Init)
    i.HAL_InitTick                           0x08000874   Section        0  stm32g4xx_hal.o(i.HAL_InitTick)
    i.HAL_MspInit                            0x080008b8   Section        0  stm32g4xx_hal_msp.o(i.HAL_MspInit)
    i.HAL_NVIC_EnableIRQ                     0x080008e8   Section        0  stm32g4xx_hal_cortex.o(i.HAL_NVIC_EnableIRQ)
    i.HAL_NVIC_SetPriority                   0x08000904   Section        0  stm32g4xx_hal_cortex.o(i.HAL_NVIC_SetPriority)
    i.HAL_NVIC_SetPriorityGrouping           0x08000944   Section        0  stm32g4xx_hal_cortex.o(i.HAL_NVIC_SetPriorityGrouping)
    i.HAL_PWREx_ControlVoltageScaling        0x08000968   Section        0  stm32g4xx_hal_pwr_ex.o(i.HAL_PWREx_ControlVoltageScaling)
    i.HAL_PWREx_DisableUCPDDeadBattery       0x08000a24   Section        0  stm32g4xx_hal_pwr_ex.o(i.HAL_PWREx_DisableUCPDDeadBattery)
    i.HAL_RCCEx_PeriphCLKConfig              0x08000a34   Section        0  stm32g4xx_hal_rcc_ex.o(i.HAL_RCCEx_PeriphCLKConfig)
    i.HAL_RCC_ClockConfig                    0x08000d34   Section        0  stm32g4xx_hal_rcc.o(i.HAL_RCC_ClockConfig)
    i.HAL_RCC_GetPCLK1Freq                   0x08000f10   Section        0  stm32g4xx_hal_rcc.o(i.HAL_RCC_GetPCLK1Freq)
    i.HAL_RCC_GetPCLK2Freq                   0x08000f34   Section        0  stm32g4xx_hal_rcc.o(i.HAL_RCC_GetPCLK2Freq)
    i.HAL_RCC_GetSysClockFreq                0x08000f58   Section        0  stm32g4xx_hal_rcc.o(i.HAL_RCC_GetSysClockFreq)
    i.HAL_RCC_OscConfig                      0x08000fc4   Section        0  stm32g4xx_hal_rcc.o(i.HAL_RCC_OscConfig)
    i.HAL_SYSTICK_Config                     0x080013c8   Section        0  stm32g4xx_hal_cortex.o(i.HAL_SYSTICK_Config)
    i.HAL_TIMEx_MasterConfigSynchronization  0x080013f0   Section        0  stm32g4xx_hal_tim_ex.o(i.HAL_TIMEx_MasterConfigSynchronization)
    i.HAL_TIM_Base_Init                      0x080014a8   Section        0  stm32g4xx_hal_tim.o(i.HAL_TIM_Base_Init)
    i.HAL_TIM_Base_MspInit                   0x0800150c   Section        0  tim.o(i.HAL_TIM_Base_MspInit)
    i.HAL_TIM_Base_Start_IT                  0x08001548   Section        0  stm32g4xx_hal_tim.o(i.HAL_TIM_Base_Start_IT)
    i.HAL_TIM_Base_Stop_IT                   0x080015d4   Section        0  stm32g4xx_hal_tim.o(i.HAL_TIM_Base_Stop_IT)
    i.HAL_UARTEx_DisableFifoMode             0x08001608   Section        0  stm32g4xx_hal_uart_ex.o(i.HAL_UARTEx_DisableFifoMode)
    i.HAL_UARTEx_SetRxFifoThreshold          0x08001646   Section        0  stm32g4xx_hal_uart_ex.o(i.HAL_UARTEx_SetRxFifoThreshold)
    i.HAL_UARTEx_SetTxFifoThreshold          0x08001692   Section        0  stm32g4xx_hal_uart_ex.o(i.HAL_UARTEx_SetTxFifoThreshold)
    i.HAL_UART_Init                          0x080016de   Section        0  stm32g4xx_hal_uart.o(i.HAL_UART_Init)
    i.HAL_UART_MspInit                       0x08001748   Section        0  usart.o(i.HAL_UART_MspInit)
    i.HardFault_Handler                      0x080017d8   Section        0  stm32g4xx_it.o(i.HardFault_Handler)
    i.MX_GPIO_Init                           0x080017dc   Section        0  gpio.o(i.MX_GPIO_Init)
    i.MX_TIM7_Init                           0x08001808   Section        0  tim.o(i.MX_TIM7_Init)
    i.MX_USART3_UART_Init                    0x08001850   Section        0  usart.o(i.MX_USART3_UART_Init)
    i.MemManage_Handler                      0x080018b8   Section        0  stm32g4xx_it.o(i.MemManage_Handler)
    i.NMI_Handler                            0x080018ba   Section        0  stm32g4xx_it.o(i.NMI_Handler)
    i.PendSV_Handler                         0x080018bc   Section        0  stm32g4xx_it.o(i.PendSV_Handler)
    i.SVC_Handler                            0x080018be   Section        0  stm32g4xx_it.o(i.SVC_Handler)
    i.SysTick_Handler                        0x080018c0   Section        0  stm32g4xx_it.o(i.SysTick_Handler)
    i.SystemClock_Config                     0x080018c4   Section        0  main.o(i.SystemClock_Config)
    i.SystemInit                             0x08001920   Section        0  system_stm32g4xx.o(i.SystemInit)
    i.TIM7_DAC_IRQHandler                    0x08001930   Section        0  porttimer.o(i.TIM7_DAC_IRQHandler)
    i.TIM_Base_SetConfig                     0x08001950   Section        0  stm32g4xx_hal_tim.o(i.TIM_Base_SetConfig)
    i.UARTEx_SetNbDataToProcess              0x08001a2c   Section        0  stm32g4xx_hal_uart_ex.o(i.UARTEx_SetNbDataToProcess)
    UARTEx_SetNbDataToProcess                0x08001a2d   Thumb Code    62  stm32g4xx_hal_uart_ex.o(i.UARTEx_SetNbDataToProcess)
    i.UART_AdvFeatureConfig                  0x08001a70   Section        0  stm32g4xx_hal_uart.o(i.UART_AdvFeatureConfig)
    i.UART_CheckIdleState                    0x08001b38   Section        0  stm32g4xx_hal_uart.o(i.UART_CheckIdleState)
    i.UART_EndRxTransfer                     0x08001be4   Section        0  stm32g4xx_hal_uart.o(i.UART_EndRxTransfer)
    UART_EndRxTransfer                       0x08001be5   Thumb Code    78  stm32g4xx_hal_uart.o(i.UART_EndRxTransfer)
    i.UART_SetConfig                         0x08001c38   Section        0  stm32g4xx_hal_uart.o(i.UART_SetConfig)
    i.UART_WaitOnFlagUntilTimeout            0x08001ed0   Section        0  stm32g4xx_hal_uart.o(i.UART_WaitOnFlagUntilTimeout)
    i.USART3_IRQHandler                      0x08001f64   Section        0  portserial.o(i.USART3_IRQHandler)
    i.UsageFault_Handler                     0x08001f8c   Section        0  stm32g4xx_it.o(i.UsageFault_Handler)
    i.__NVIC_SetPriority                     0x08001f8e   Section        0  stm32g4xx_hal_cortex.o(i.__NVIC_SetPriority)
    __NVIC_SetPriority                       0x08001f8f   Thumb Code    32  stm32g4xx_hal_cortex.o(i.__NVIC_SetPriority)
    i.eMBEnable                              0x08001fb0   Section        0  mb.o(i.eMBEnable)
    i.eMBFuncReadCoils                       0x08001fd0   Section        0  mbfunccoils.o(i.eMBFuncReadCoils)
    i.eMBFuncReadDiscreteInputs              0x08002042   Section        0  mbfuncdisc.o(i.eMBFuncReadDiscreteInputs)
    i.eMBFuncReadHoldingRegister             0x080020b4   Section        0  mbfuncholding.o(i.eMBFuncReadHoldingRegister)
    i.eMBFuncReadInputRegister               0x08002118   Section        0  mbfuncinput.o(i.eMBFuncReadInputRegister)
    i.eMBFuncReadWriteMultipleHoldingRegister 0x0800217a   Section        0  mbfuncholding.o(i.eMBFuncReadWriteMultipleHoldingRegister)
    i.eMBFuncReportSlaveID                   0x08002218   Section        0  mbfuncother.o(i.eMBFuncReportSlaveID)
    i.eMBFuncWriteCoil                       0x0800223c   Section        0  mbfunccoils.o(i.eMBFuncWriteCoil)
    i.eMBFuncWriteHoldingRegister            0x08002292   Section        0  mbfuncholding.o(i.eMBFuncWriteHoldingRegister)
    i.eMBFuncWriteMultipleCoils              0x080022c4   Section        0  mbfunccoils.o(i.eMBFuncWriteMultipleCoils)
    i.eMBFuncWriteMultipleHoldingRegister    0x08002328   Section        0  mbfuncholding.o(i.eMBFuncWriteMultipleHoldingRegister)
    i.eMBInit                                0x08002378   Section        0  mb.o(i.eMBInit)
    i.eMBPoll                                0x080023f8   Section        0  mb.o(i.eMBPoll)
    i.eMBRTUInit                             0x080024a8   Section        0  mbrtu.o(i.eMBRTUInit)
    i.eMBRTUReceive                          0x080024e8   Section        0  mbrtu.o(i.eMBRTUReceive)
    i.eMBRTUSend                             0x0800253c   Section        0  mbrtu.o(i.eMBRTUSend)
    i.eMBRTUStart                            0x08002598   Section        0  mbrtu.o(i.eMBRTUStart)
    i.eMBRTUStop                             0x080025b8   Section        0  mbrtu.o(i.eMBRTUStop)
    i.eMBRegCoilsCB                          0x080025cc   Section        0  user_mb_app.o(i.eMBRegCoilsCB)
    i.eMBRegDiscreteCB                       0x0800266c   Section        0  user_mb_app.o(i.eMBRegDiscreteCB)
    i.eMBRegHoldingCB                        0x080026e0   Section        0  user_mb_app.o(i.eMBRegHoldingCB)
    i.eMBRegInputCB                          0x08002750   Section        0  user_mb_app.o(i.eMBRegInputCB)
    i.main                                   0x0800279c   Section        0  main.o(i.main)
    i.prveMBError2Exception                  0x080027e0   Section        0  mbutils.o(i.prveMBError2Exception)
    i.usMBCRC16                              0x080027f8   Section        0  mbcrc.o(i.usMBCRC16)
    i.vMBPortSerialEnable                    0x08002824   Section        0  portserial.o(i.vMBPortSerialEnable)
    i.vMBPortTimersDisable                   0x08002854   Section        0  porttimer.o(i.vMBPortTimersDisable)
    i.vMBPortTimersEnable                    0x08002860   Section        0  porttimer.o(i.vMBPortTimersEnable)
    i.xMBPortEventGet                        0x08002878   Section        0  portevent.o(i.xMBPortEventGet)
    i.xMBPortEventInit                       0x08002894   Section        0  portevent.o(i.xMBPortEventInit)
    i.xMBPortEventPost                       0x080028a4   Section        0  portevent.o(i.xMBPortEventPost)
    i.xMBPortSerialGetByte                   0x080028b4   Section        0  portserial.o(i.xMBPortSerialGetByte)
    i.xMBPortSerialInit                      0x080028c4   Section        0  portserial.o(i.xMBPortSerialInit)
    i.xMBPortSerialPutByte                   0x080028c8   Section        0  portserial.o(i.xMBPortSerialPutByte)
    i.xMBPortTimersInit                      0x080028d4   Section        0  porttimer.o(i.xMBPortTimersInit)
    i.xMBRTUReceiveFSM                       0x080028e8   Section        0  mbrtu.o(i.xMBRTUReceiveFSM)
    i.xMBRTUTimerT35Expired                  0x08002950   Section        0  mbrtu.o(i.xMBRTUTimerT35Expired)
    i.xMBRTUTransmitFSM                      0x08002990   Section        0  mbrtu.o(i.xMBRTUTransmitFSM)
    i.xMBUtilGetBits                         0x080029ec   Section        0  mbutils.o(i.xMBUtilGetBits)
    i.xMBUtilSetBits                         0x08002a0e   Section        0  mbutils.o(i.xMBUtilSetBits)
    x$fpl$fpinit                             0x08002a40   Section       10  fpinit.o(x$fpl$fpinit)
    $v0                                      0x08002a40   Number         0  fpinit.o(x$fpl$fpinit)
    .constdata                               0x08002a4a   Section       24  stm32g4xx_hal_uart.o(.constdata)
    .constdata                               0x08002a62   Section       16  stm32g4xx_hal_uart_ex.o(.constdata)
    numerator                                0x08002a62   Data           8  stm32g4xx_hal_uart_ex.o(.constdata)
    denominator                              0x08002a6a   Data           8  stm32g4xx_hal_uart_ex.o(.constdata)
    .constdata                               0x08002a72   Section       16  system_stm32g4xx.o(.constdata)
    .constdata                               0x08002a82   Section        8  system_stm32g4xx.o(.constdata)
    .constdata                               0x08002a8a   Section      512  mbcrc.o(.constdata)
    aucCRCHi                                 0x08002a8a   Data         256  mbcrc.o(.constdata)
    aucCRCLo                                 0x08002b8a   Data         256  mbcrc.o(.constdata)
    .data                                    0x20000000   Section       18  user_mb_app.o(.data)
    .data                                    0x20000014   Section       12  stm32g4xx_hal.o(.data)
    .data                                    0x20000020   Section        4  system_stm32g4xx.o(.data)
    .data                                    0x20000024   Section      172  mb.o(.data)
    eMBState                                 0x20000024   Data           1  mb.o(.data)
    ucRcvAddress                             0x20000025   Data           1  mb.o(.data)
    ucFunctionCode                           0x20000026   Data           1  mb.o(.data)
    eException                               0x20000027   Data           1  mb.o(.data)
    ucMBAddress                              0x20000028   Data           1  mb.o(.data)
    eMBCurrentMode                           0x20000029   Data           1  mb.o(.data)
    usLength                                 0x2000002a   Data           2  mb.o(.data)
    ucMBFrame                                0x2000002c   Data           4  mb.o(.data)
    peMBFrameSendCur                         0x20000030   Data           4  mb.o(.data)
    pvMBFrameStartCur                        0x20000034   Data           4  mb.o(.data)
    pvMBFrameStopCur                         0x20000038   Data           4  mb.o(.data)
    peMBFrameReceiveCur                      0x2000003c   Data           4  mb.o(.data)
    pvMBFrameCloseCur                        0x20000040   Data           4  mb.o(.data)
    xFuncHandlers                            0x20000050   Data         128  mb.o(.data)
    .data                                    0x200000d0   Section        2  mbfuncother.o(.data)
    usMBSlaveIDLen                           0x200000d0   Data           2  mbfuncother.o(.data)
    .data                                    0x200000d2   Section        2  portevent.o(.data)
    eQueuedEvent                             0x200000d2   Data           1  portevent.o(.data)
    xEventInQueue                            0x200000d3   Data           1  portevent.o(.data)
    .data                                    0x200000d4   Section       12  mbrtu.o(.data)
    eSndState                                0x200000d4   Data           1  mbrtu.o(.data)
    eRcvState                                0x200000d5   Data           1  mbrtu.o(.data)
    usSndBufferCount                         0x200000d6   Data           2  mbrtu.o(.data)
    usRcvBufferPos                           0x200000d8   Data           2  mbrtu.o(.data)
    pucSndBufferCur                          0x200000dc   Data           4  mbrtu.o(.data)
    .bss                                     0x200000e0   Section      400  user_mb_app.o(.bss)
    .bss                                     0x20000270   Section       76  tim.o(.bss)
    .bss                                     0x200002bc   Section      148  usart.o(.bss)
    .bss                                     0x20000350   Section       32  mbfuncother.o(.bss)
    ucMBSlaveID                              0x20000350   Data          32  mbfuncother.o(.bss)
    .bss                                     0x20000370   Section      256  mbrtu.o(.bss)
    .bss                                     0x20000470   Section       96  libspace.o(.bss)
    HEAP                                     0x200004d0   Section      512  startup_stm32g474xx.o(HEAP)
    Heap_Mem                                 0x200004d0   Data         512  startup_stm32g474xx.o(HEAP)
    STACK                                    0x200006d0   Section     1024  startup_stm32g474xx.o(STACK)
    Stack_Mem                                0x200006d0   Data        1024  startup_stm32g474xx.o(STACK)
    __initial_sp                             0x20000ad0   Data           0  startup_stm32g474xx.o(STACK)

    Global Symbols

    Symbol Name                              Value     Ov Type        Size  Object(Section)

    BuildAttributes$$THM_ISAv4$E$P$D$K$B$S$7EM$VFPi3$EXTD16$VFPS$VFMA$PE$A:L22UL41UL21$X:L11$S22US41US21$IEEE1$IW$USESV6$~STKCKD$USESV7$~SHL$OSPACE$ROPI$EBA8$UX$STANDARDLIB$REQ8$PRES8$EABIv2 0x00000000   Number         0  anon$$obj.o ABSOLUTE
    __ARM_use_no_argv                        0x00000000   Number         0  main.o ABSOLUTE
    __ARM_exceptions_init                     - Undefined Weak Reference
    __alloca_initialize                       - Undefined Weak Reference
    __arm_fini_                               - Undefined Weak Reference
    __arm_preinit_                            - Undefined Weak Reference
    __cpp_initialize__aeabi_                  - Undefined Weak Reference
    __cxa_finalize                            - Undefined Weak Reference
    __rt_locale                               - Undefined Weak Reference
    __sigvec_lookup                           - Undefined Weak Reference
    _atexit_init                              - Undefined Weak Reference
    _call_atexit_fns                          - Undefined Weak Reference
    _clock_init                               - Undefined Weak Reference
    _fp_trap_init                             - Undefined Weak Reference
    _fp_trap_shutdown                         - Undefined Weak Reference
    _get_lc_collate                           - Undefined Weak Reference
    _get_lc_ctype                             - Undefined Weak Reference
    _get_lc_monetary                          - Undefined Weak Reference
    _get_lc_numeric                           - Undefined Weak Reference
    _get_lc_time                              - Undefined Weak Reference
    _getenv_init                              - Undefined Weak Reference
    _handle_redirection                       - Undefined Weak Reference
    _init_alloc                               - Undefined Weak Reference
    _init_user_alloc                          - Undefined Weak Reference
    _initio                                   - Undefined Weak Reference
    _rand_init                                - Undefined Weak Reference
    _signal_finish                            - Undefined Weak Reference
    _signal_init                              - Undefined Weak Reference
    _terminate_alloc                          - Undefined Weak Reference
    _terminate_user_alloc                     - Undefined Weak Reference
    _terminateio                              - Undefined Weak Reference
    __Vectors_Size                           0x000001d8   Number         0  startup_stm32g474xx.o ABSOLUTE
    __Vectors                                0x08000000   Data           4  startup_stm32g474xx.o(RESET)
    __Vectors_End                            0x080001d8   Data           0  startup_stm32g474xx.o(RESET)
    __main                                   0x080001d9   Thumb Code     8  __main.o(!!!main)
    __scatterload                            0x080001e1   Thumb Code     0  __scatter.o(!!!scatter)
    __scatterload_rt2                        0x080001e1   Thumb Code    44  __scatter.o(!!!scatter)
    __scatterload_rt2_thumb_only             0x080001e1   Thumb Code     0  __scatter.o(!!!scatter)
    __scatterload_null                       0x080001ef   Thumb Code     0  __scatter.o(!!!scatter)
    __scatterload_copy                       0x08000215   Thumb Code    26  __scatter_copy.o(!!handler_copy)
    __scatterload_zeroinit                   0x08000231   Thumb Code    28  __scatter_zi.o(!!handler_zi)
    __rt_lib_init                            0x0800024d   Thumb Code     0  libinit.o(.ARM.Collect$$libinit$$00000000)
    __rt_lib_init_fp_1                       0x0800024f   Thumb Code     0  libinit2.o(.ARM.Collect$$libinit$$00000001)
    __rt_lib_init_alloca_1                   0x08000253   Thumb Code     0  libinit2.o(.ARM.Collect$$libinit$$0000002E)
    __rt_lib_init_argv_1                     0x08000253   Thumb Code     0  libinit2.o(.ARM.Collect$$libinit$$0000002C)
    __rt_lib_init_atexit_1                   0x08000253   Thumb Code     0  libinit2.o(.ARM.Collect$$libinit$$0000001B)
    __rt_lib_init_clock_1                    0x08000253   Thumb Code     0  libinit2.o(.ARM.Collect$$libinit$$00000021)
    __rt_lib_init_cpp_1                      0x08000253   Thumb Code     0  libinit2.o(.ARM.Collect$$libinit$$00000032)
    __rt_lib_init_exceptions_1               0x08000253   Thumb Code     0  libinit2.o(.ARM.Collect$$libinit$$00000030)
    __rt_lib_init_fp_trap_1                  0x08000253   Thumb Code     0  libinit2.o(.ARM.Collect$$libinit$$0000001F)
    __rt_lib_init_getenv_1                   0x08000253   Thumb Code     0  libinit2.o(.ARM.Collect$$libinit$$00000023)
    __rt_lib_init_heap_1                     0x08000253   Thumb Code     0  libinit2.o(.ARM.Collect$$libinit$$0000000A)
    __rt_lib_init_lc_collate_1               0x08000253   Thumb Code     0  libinit2.o(.ARM.Collect$$libinit$$00000011)
    __rt_lib_init_lc_ctype_1                 0x08000253   Thumb Code     0  libinit2.o(.ARM.Collect$$libinit$$00000013)
    __rt_lib_init_lc_monetary_1              0x08000253   Thumb Code     0  libinit2.o(.ARM.Collect$$libinit$$00000015)
    __rt_lib_init_lc_numeric_1               0x08000253   Thumb Code     0  libinit2.o(.ARM.Collect$$libinit$$00000017)
    __rt_lib_init_lc_time_1                  0x08000253   Thumb Code     0  libinit2.o(.ARM.Collect$$libinit$$00000019)
    __rt_lib_init_preinit_1                  0x08000253   Thumb Code     0  libinit2.o(.ARM.Collect$$libinit$$00000004)
    __rt_lib_init_rand_1                     0x08000253   Thumb Code     0  libinit2.o(.ARM.Collect$$libinit$$0000000E)
    __rt_lib_init_return                     0x08000253   Thumb Code     0  libinit2.o(.ARM.Collect$$libinit$$00000033)
    __rt_lib_init_signal_1                   0x08000253   Thumb Code     0  libinit2.o(.ARM.Collect$$libinit$$0000001D)
    __rt_lib_init_stdio_1                    0x08000253   Thumb Code     0  libinit2.o(.ARM.Collect$$libinit$$00000025)
    __rt_lib_init_user_alloc_1               0x08000253   Thumb Code     0  libinit2.o(.ARM.Collect$$libinit$$0000000C)
    __rt_lib_shutdown                        0x08000255   Thumb Code     0  libshutdown.o(.ARM.Collect$$libshutdown$$00000000)
    __rt_lib_shutdown_cpp_1                  0x08000257   Thumb Code     0  libshutdown2.o(.ARM.Collect$$libshutdown$$00000004)
    __rt_lib_shutdown_fini_1                 0x08000257   Thumb Code     0  libshutdown2.o(.ARM.Collect$$libshutdown$$00000002)
    __rt_lib_shutdown_fp_trap_1              0x08000257   Thumb Code     0  libshutdown2.o(.ARM.Collect$$libshutdown$$00000009)
    __rt_lib_shutdown_heap_1                 0x08000257   Thumb Code     0  libshutdown2.o(.ARM.Collect$$libshutdown$$00000011)
    __rt_lib_shutdown_return                 0x08000257   Thumb Code     0  libshutdown2.o(.ARM.Collect$$libshutdown$$00000012)
    __rt_lib_shutdown_signal_1               0x08000257   Thumb Code     0  libshutdown2.o(.ARM.Collect$$libshutdown$$0000000C)
    __rt_lib_shutdown_stdio_1                0x08000257   Thumb Code     0  libshutdown2.o(.ARM.Collect$$libshutdown$$00000006)
    __rt_lib_shutdown_user_alloc_1           0x08000257   Thumb Code     0  libshutdown2.o(.ARM.Collect$$libshutdown$$0000000E)
    __rt_entry                               0x08000259   Thumb Code     0  __rtentry.o(.ARM.Collect$$rtentry$$00000000)
    __rt_entry_presh_1                       0x08000259   Thumb Code     0  __rtentry2.o(.ARM.Collect$$rtentry$$00000002)
    __rt_entry_sh                            0x08000259   Thumb Code     0  __rtentry4.o(.ARM.Collect$$rtentry$$00000004)
    __rt_entry_li                            0x0800025f   Thumb Code     0  __rtentry2.o(.ARM.Collect$$rtentry$$0000000A)
    __rt_entry_postsh_1                      0x0800025f   Thumb Code     0  __rtentry2.o(.ARM.Collect$$rtentry$$00000009)
    __rt_entry_main                          0x08000263   Thumb Code     0  __rtentry2.o(.ARM.Collect$$rtentry$$0000000D)
    __rt_entry_postli_1                      0x08000263   Thumb Code     0  __rtentry2.o(.ARM.Collect$$rtentry$$0000000C)
    __rt_exit                                0x0800026b   Thumb Code     0  rtexit.o(.ARM.Collect$$rtexit$$00000000)
    __rt_exit_ls                             0x0800026d   Thumb Code     0  rtexit2.o(.ARM.Collect$$rtexit$$00000003)
    __rt_exit_prels_1                        0x0800026d   Thumb Code     0  rtexit2.o(.ARM.Collect$$rtexit$$00000002)
    __rt_exit_exit                           0x08000271   Thumb Code     0  rtexit2.o(.ARM.Collect$$rtexit$$00000004)
    Reset_Handler                            0x08000279   Thumb Code     8  startup_stm32g474xx.o(.text)
    ADC1_2_IRQHandler                        0x08000293   Thumb Code     0  startup_stm32g474xx.o(.text)
    ADC3_IRQHandler                          0x08000293   Thumb Code     0  startup_stm32g474xx.o(.text)
    ADC4_IRQHandler                          0x08000293   Thumb Code     0  startup_stm32g474xx.o(.text)
    ADC5_IRQHandler                          0x08000293   Thumb Code     0  startup_stm32g474xx.o(.text)
    COMP1_2_3_IRQHandler                     0x08000293   Thumb Code     0  startup_stm32g474xx.o(.text)
    COMP4_5_6_IRQHandler                     0x08000293   Thumb Code     0  startup_stm32g474xx.o(.text)
    COMP7_IRQHandler                         0x08000293   Thumb Code     0  startup_stm32g474xx.o(.text)
    CORDIC_IRQHandler                        0x08000293   Thumb Code     0  startup_stm32g474xx.o(.text)
    CRS_IRQHandler                           0x08000293   Thumb Code     0  startup_stm32g474xx.o(.text)
    DMA1_Channel1_IRQHandler                 0x08000293   Thumb Code     0  startup_stm32g474xx.o(.text)
    DMA1_Channel2_IRQHandler                 0x08000293   Thumb Code     0  startup_stm32g474xx.o(.text)
    DMA1_Channel3_IRQHandler                 0x08000293   Thumb Code     0  startup_stm32g474xx.o(.text)
    DMA1_Channel4_IRQHandler                 0x08000293   Thumb Code     0  startup_stm32g474xx.o(.text)
    DMA1_Channel5_IRQHandler                 0x08000293   Thumb Code     0  startup_stm32g474xx.o(.text)
    DMA1_Channel6_IRQHandler                 0x08000293   Thumb Code     0  startup_stm32g474xx.o(.text)
    DMA1_Channel7_IRQHandler                 0x08000293   Thumb Code     0  startup_stm32g474xx.o(.text)
    DMA1_Channel8_IRQHandler                 0x08000293   Thumb Code     0  startup_stm32g474xx.o(.text)
    DMA2_Channel1_IRQHandler                 0x08000293   Thumb Code     0  startup_stm32g474xx.o(.text)
    DMA2_Channel2_IRQHandler                 0x08000293   Thumb Code     0  startup_stm32g474xx.o(.text)
    DMA2_Channel3_IRQHandler                 0x08000293   Thumb Code     0  startup_stm32g474xx.o(.text)
    DMA2_Channel4_IRQHandler                 0x08000293   Thumb Code     0  startup_stm32g474xx.o(.text)
    DMA2_Channel5_IRQHandler                 0x08000293   Thumb Code     0  startup_stm32g474xx.o(.text)
    DMA2_Channel6_IRQHandler                 0x08000293   Thumb Code     0  startup_stm32g474xx.o(.text)
    DMA2_Channel7_IRQHandler                 0x08000293   Thumb Code     0  startup_stm32g474xx.o(.text)
    DMA2_Channel8_IRQHandler                 0x08000293   Thumb Code     0  startup_stm32g474xx.o(.text)
    DMAMUX_OVR_IRQHandler                    0x08000293   Thumb Code     0  startup_stm32g474xx.o(.text)
    EXTI0_IRQHandler                         0x08000293   Thumb Code     0  startup_stm32g474xx.o(.text)
    EXTI15_10_IRQHandler                     0x08000293   Thumb Code     0  startup_stm32g474xx.o(.text)
    EXTI1_IRQHandler                         0x08000293   Thumb Code     0  startup_stm32g474xx.o(.text)
    EXTI2_IRQHandler                         0x08000293   Thumb Code     0  startup_stm32g474xx.o(.text)
    EXTI3_IRQHandler                         0x08000293   Thumb Code     0  startup_stm32g474xx.o(.text)
    EXTI4_IRQHandler                         0x08000293   Thumb Code     0  startup_stm32g474xx.o(.text)
    EXTI9_5_IRQHandler                       0x08000293   Thumb Code     0  startup_stm32g474xx.o(.text)
    FDCAN1_IT0_IRQHandler                    0x08000293   Thumb Code     0  startup_stm32g474xx.o(.text)
    FDCAN1_IT1_IRQHandler                    0x08000293   Thumb Code     0  startup_stm32g474xx.o(.text)
    FDCAN2_IT0_IRQHandler                    0x08000293   Thumb Code     0  startup_stm32g474xx.o(.text)
    FDCAN2_IT1_IRQHandler                    0x08000293   Thumb Code     0  startup_stm32g474xx.o(.text)
    FDCAN3_IT0_IRQHandler                    0x08000293   Thumb Code     0  startup_stm32g474xx.o(.text)
    FDCAN3_IT1_IRQHandler                    0x08000293   Thumb Code     0  startup_stm32g474xx.o(.text)
    FLASH_IRQHandler                         0x08000293   Thumb Code     0  startup_stm32g474xx.o(.text)
    FMAC_IRQHandler                          0x08000293   Thumb Code     0  startup_stm32g474xx.o(.text)
    FMC_IRQHandler                           0x08000293   Thumb Code     0  startup_stm32g474xx.o(.text)
    FPU_IRQHandler                           0x08000293   Thumb Code     0  startup_stm32g474xx.o(.text)
    HRTIM1_FLT_IRQHandler                    0x08000293   Thumb Code     0  startup_stm32g474xx.o(.text)
    HRTIM1_Master_IRQHandler                 0x08000293   Thumb Code     0  startup_stm32g474xx.o(.text)
    HRTIM1_TIMA_IRQHandler                   0x08000293   Thumb Code     0  startup_stm32g474xx.o(.text)
    HRTIM1_TIMB_IRQHandler                   0x08000293   Thumb Code     0  startup_stm32g474xx.o(.text)
    HRTIM1_TIMC_IRQHandler                   0x08000293   Thumb Code     0  startup_stm32g474xx.o(.text)
    HRTIM1_TIMD_IRQHandler                   0x08000293   Thumb Code     0  startup_stm32g474xx.o(.text)
    HRTIM1_TIME_IRQHandler                   0x08000293   Thumb Code     0  startup_stm32g474xx.o(.text)
    HRTIM1_TIMF_IRQHandler                   0x08000293   Thumb Code     0  startup_stm32g474xx.o(.text)
    I2C1_ER_IRQHandler                       0x08000293   Thumb Code     0  startup_stm32g474xx.o(.text)
    I2C1_EV_IRQHandler                       0x08000293   Thumb Code     0  startup_stm32g474xx.o(.text)
    I2C2_ER_IRQHandler                       0x08000293   Thumb Code     0  startup_stm32g474xx.o(.text)
    I2C2_EV_IRQHandler                       0x08000293   Thumb Code     0  startup_stm32g474xx.o(.text)
    I2C3_ER_IRQHandler                       0x08000293   Thumb Code     0  startup_stm32g474xx.o(.text)
    I2C3_EV_IRQHandler                       0x08000293   Thumb Code     0  startup_stm32g474xx.o(.text)
    I2C4_ER_IRQHandler                       0x08000293   Thumb Code     0  startup_stm32g474xx.o(.text)
    I2C4_EV_IRQHandler                       0x08000293   Thumb Code     0  startup_stm32g474xx.o(.text)
    LPTIM1_IRQHandler                        0x08000293   Thumb Code     0  startup_stm32g474xx.o(.text)
    LPUART1_IRQHandler                       0x08000293   Thumb Code     0  startup_stm32g474xx.o(.text)
    PVD_PVM_IRQHandler                       0x08000293   Thumb Code     0  startup_stm32g474xx.o(.text)
    QUADSPI_IRQHandler                       0x08000293   Thumb Code     0  startup_stm32g474xx.o(.text)
    RCC_IRQHandler                           0x08000293   Thumb Code     0  startup_stm32g474xx.o(.text)
    RNG_IRQHandler                           0x08000293   Thumb Code     0  startup_stm32g474xx.o(.text)
    RTC_Alarm_IRQHandler                     0x08000293   Thumb Code     0  startup_stm32g474xx.o(.text)
    RTC_TAMP_LSECSS_IRQHandler               0x08000293   Thumb Code     0  startup_stm32g474xx.o(.text)
    RTC_WKUP_IRQHandler                      0x08000293   Thumb Code     0  startup_stm32g474xx.o(.text)
    SAI1_IRQHandler                          0x08000293   Thumb Code     0  startup_stm32g474xx.o(.text)
    SPI1_IRQHandler                          0x08000293   Thumb Code     0  startup_stm32g474xx.o(.text)
    SPI2_IRQHandler                          0x08000293   Thumb Code     0  startup_stm32g474xx.o(.text)
    SPI3_IRQHandler                          0x08000293   Thumb Code     0  startup_stm32g474xx.o(.text)
    SPI4_IRQHandler                          0x08000293   Thumb Code     0  startup_stm32g474xx.o(.text)
    TIM1_BRK_TIM15_IRQHandler                0x08000293   Thumb Code     0  startup_stm32g474xx.o(.text)
    TIM1_CC_IRQHandler                       0x08000293   Thumb Code     0  startup_stm32g474xx.o(.text)
    TIM1_TRG_COM_TIM17_IRQHandler            0x08000293   Thumb Code     0  startup_stm32g474xx.o(.text)
    TIM1_UP_TIM16_IRQHandler                 0x08000293   Thumb Code     0  startup_stm32g474xx.o(.text)
    TIM20_BRK_IRQHandler                     0x08000293   Thumb Code     0  startup_stm32g474xx.o(.text)
    TIM20_CC_IRQHandler                      0x08000293   Thumb Code     0  startup_stm32g474xx.o(.text)
    TIM20_TRG_COM_IRQHandler                 0x08000293   Thumb Code     0  startup_stm32g474xx.o(.text)
    TIM20_UP_IRQHandler                      0x08000293   Thumb Code     0  startup_stm32g474xx.o(.text)
    TIM2_IRQHandler                          0x08000293   Thumb Code     0  startup_stm32g474xx.o(.text)
    TIM3_IRQHandler                          0x08000293   Thumb Code     0  startup_stm32g474xx.o(.text)
    TIM4_IRQHandler                          0x08000293   Thumb Code     0  startup_stm32g474xx.o(.text)
    TIM5_IRQHandler                          0x08000293   Thumb Code     0  startup_stm32g474xx.o(.text)
    TIM6_DAC_IRQHandler                      0x08000293   Thumb Code     0  startup_stm32g474xx.o(.text)
    TIM8_BRK_IRQHandler                      0x08000293   Thumb Code     0  startup_stm32g474xx.o(.text)
    TIM8_CC_IRQHandler                       0x08000293   Thumb Code     0  startup_stm32g474xx.o(.text)
    TIM8_TRG_COM_IRQHandler                  0x08000293   Thumb Code     0  startup_stm32g474xx.o(.text)
    TIM8_UP_IRQHandler                       0x08000293   Thumb Code     0  startup_stm32g474xx.o(.text)
    UART4_IRQHandler                         0x08000293   Thumb Code     0  startup_stm32g474xx.o(.text)
    UART5_IRQHandler                         0x08000293   Thumb Code     0  startup_stm32g474xx.o(.text)
    UCPD1_IRQHandler                         0x08000293   Thumb Code     0  startup_stm32g474xx.o(.text)
    USART1_IRQHandler                        0x08000293   Thumb Code     0  startup_stm32g474xx.o(.text)
    USART2_IRQHandler                        0x08000293   Thumb Code     0  startup_stm32g474xx.o(.text)
    USBWakeUp_IRQHandler                     0x08000293   Thumb Code     0  startup_stm32g474xx.o(.text)
    USB_HP_IRQHandler                        0x08000293   Thumb Code     0  startup_stm32g474xx.o(.text)
    USB_LP_IRQHandler                        0x08000293   Thumb Code     0  startup_stm32g474xx.o(.text)
    WWDG_IRQHandler                          0x08000293   Thumb Code     0  startup_stm32g474xx.o(.text)
    __user_initial_stackheap                 0x08000295   Thumb Code     0  startup_stm32g474xx.o(.text)
    __aeabi_uldivmod                         0x080002b9   Thumb Code     0  lludivv7m.o(.text)
    _ll_udiv                                 0x080002b9   Thumb Code   238  lludivv7m.o(.text)
    abort                                    0x080003a7   Thumb Code    22  abort.o(.text)
    __aeabi_memcpy                           0x080003bd   Thumb Code     0  rt_memcpy_v6.o(.text)
    __rt_memcpy                              0x080003bd   Thumb Code   138  rt_memcpy_v6.o(.text)
    _memcpy_lastbytes                        0x08000423   Thumb Code     0  rt_memcpy_v6.o(.text)
    __aeabi_memclr4                          0x08000447   Thumb Code     0  rt_memclr_w.o(.text)
    __aeabi_memclr8                          0x08000447   Thumb Code     0  rt_memclr_w.o(.text)
    __rt_memclr_w                            0x08000447   Thumb Code    78  rt_memclr_w.o(.text)
    _memset_w                                0x0800044b   Thumb Code     0  rt_memclr_w.o(.text)
    __use_two_region_memory                  0x08000495   Thumb Code     2  heapauxi.o(.text)
    __rt_heap_escrow$2region                 0x08000497   Thumb Code     2  heapauxi.o(.text)
    __rt_heap_expand$2region                 0x08000499   Thumb Code     2  heapauxi.o(.text)
    _sys_exit                                0x0800049d   Thumb Code     8  sys_exit.o(.text)
    __rt_SIGABRT                             0x080004a9   Thumb Code    14  defsig_abrt_outer.o(.text)
    __aeabi_memcpy4                          0x080004b7   Thumb Code     0  rt_memcpy_w.o(.text)
    __aeabi_memcpy8                          0x080004b7   Thumb Code     0  rt_memcpy_w.o(.text)
    __rt_memcpy_w                            0x080004b7   Thumb Code   100  rt_memcpy_w.o(.text)
    _memcpy_lastbytes_aligned                0x080004ff   Thumb Code     0  rt_memcpy_w.o(.text)
    __I$use$semihosting                      0x0800051b   Thumb Code     0  use_no_semi.o(.text)
    __use_no_semihosting_swi                 0x0800051b   Thumb Code     2  use_no_semi.o(.text)
    __semihosting_library_function           0x0800051d   Thumb Code     0  indicate_semi.o(.text)
    __sig_exit                               0x0800051d   Thumb Code    10  defsig_exit.o(.text)
    __rt_SIGABRT_inner                       0x08000529   Thumb Code    14  defsig_abrt_inner.o(.text)
    __user_setup_stackheap                   0x08000559   Thumb Code    74  sys_stackheap_outer.o(.text)
    exit                                     0x080005a3   Thumb Code    18  exit.o(.text)
    __default_signal_display                 0x080005b5   Thumb Code    50  defsig_general.o(.text)
    _ttywrch                                 0x080005e7   Thumb Code    14  sys_wrch.o(.text)
    __user_libspace                          0x080005f5   Thumb Code     8  libspace.o(.text)
    __user_perproc_libspace                  0x080005f5   Thumb Code     0  libspace.o(.text)
    __user_perthread_libspace                0x080005f5   Thumb Code     0  libspace.o(.text)
    BusFault_Handler                         0x080005fd   Thumb Code     2  stm32g4xx_it.o(i.BusFault_Handler)
    DebugMon_Handler                         0x080005ff   Thumb Code     2  stm32g4xx_it.o(i.DebugMon_Handler)
    Error_Handler                            0x08000601   Thumb Code     4  main.o(i.Error_Handler)
    HAL_GPIO_Init                            0x08000605   Thumb Code   532  stm32g4xx_hal_gpio.o(i.HAL_GPIO_Init)
    HAL_GetTick                              0x08000839   Thumb Code     6  stm32g4xx_hal.o(i.HAL_GetTick)
    HAL_IncTick                              0x08000845   Thumb Code    12  stm32g4xx_hal.o(i.HAL_IncTick)
    HAL_Init                                 0x08000855   Thumb Code    30  stm32g4xx_hal.o(i.HAL_Init)
    HAL_InitTick                             0x08000875   Thumb Code    58  stm32g4xx_hal.o(i.HAL_InitTick)
    HAL_MspInit                              0x080008b9   Thumb Code    42  stm32g4xx_hal_msp.o(i.HAL_MspInit)
    HAL_NVIC_EnableIRQ                       0x080008e9   Thumb Code    26  stm32g4xx_hal_cortex.o(i.HAL_NVIC_EnableIRQ)
    HAL_NVIC_SetPriority                     0x08000905   Thumb Code    60  stm32g4xx_hal_cortex.o(i.HAL_NVIC_SetPriority)
    HAL_NVIC_SetPriorityGrouping             0x08000945   Thumb Code    26  stm32g4xx_hal_cortex.o(i.HAL_NVIC_SetPriorityGrouping)
    HAL_PWREx_ControlVoltageScaling          0x08000969   Thumb Code   174  stm32g4xx_hal_pwr_ex.o(i.HAL_PWREx_ControlVoltageScaling)
    HAL_PWREx_DisableUCPDDeadBattery         0x08000a25   Thumb Code    12  stm32g4xx_hal_pwr_ex.o(i.HAL_PWREx_DisableUCPDDeadBattery)
    HAL_RCCEx_PeriphCLKConfig                0x08000a35   Thumb Code   758  stm32g4xx_hal_rcc_ex.o(i.HAL_RCCEx_PeriphCLKConfig)
    HAL_RCC_ClockConfig                      0x08000d35   Thumb Code   444  stm32g4xx_hal_rcc.o(i.HAL_RCC_ClockConfig)
    HAL_RCC_GetPCLK1Freq                     0x08000f11   Thumb Code    24  stm32g4xx_hal_rcc.o(i.HAL_RCC_GetPCLK1Freq)
    HAL_RCC_GetPCLK2Freq                     0x08000f35   Thumb Code    24  stm32g4xx_hal_rcc.o(i.HAL_RCC_GetPCLK2Freq)
    HAL_RCC_GetSysClockFreq                  0x08000f59   Thumb Code    98  stm32g4xx_hal_rcc.o(i.HAL_RCC_GetSysClockFreq)
    HAL_RCC_OscConfig                        0x08000fc5   Thumb Code  1028  stm32g4xx_hal_rcc.o(i.HAL_RCC_OscConfig)
    HAL_SYSTICK_Config                       0x080013c9   Thumb Code    40  stm32g4xx_hal_cortex.o(i.HAL_SYSTICK_Config)
    HAL_TIMEx_MasterConfigSynchronization    0x080013f1   Thumb Code   150  stm32g4xx_hal_tim_ex.o(i.HAL_TIMEx_MasterConfigSynchronization)
    HAL_TIM_Base_Init                        0x080014a9   Thumb Code    98  stm32g4xx_hal_tim.o(i.HAL_TIM_Base_Init)
    HAL_TIM_Base_MspInit                     0x0800150d   Thumb Code    50  tim.o(i.HAL_TIM_Base_MspInit)
    HAL_TIM_Base_Start_IT                    0x08001549   Thumb Code   106  stm32g4xx_hal_tim.o(i.HAL_TIM_Base_Start_IT)
    HAL_TIM_Base_Stop_IT                     0x080015d5   Thumb Code    46  stm32g4xx_hal_tim.o(i.HAL_TIM_Base_Stop_IT)
    HAL_UARTEx_DisableFifoMode               0x08001609   Thumb Code    62  stm32g4xx_hal_uart_ex.o(i.HAL_UARTEx_DisableFifoMode)
    HAL_UARTEx_SetRxFifoThreshold            0x08001647   Thumb Code    76  stm32g4xx_hal_uart_ex.o(i.HAL_UARTEx_SetRxFifoThreshold)
    HAL_UARTEx_SetTxFifoThreshold            0x08001693   Thumb Code    76  stm32g4xx_hal_uart_ex.o(i.HAL_UARTEx_SetTxFifoThreshold)
    HAL_UART_Init                            0x080016df   Thumb Code   106  stm32g4xx_hal_uart.o(i.HAL_UART_Init)
    HAL_UART_MspInit                         0x08001749   Thumb Code   130  usart.o(i.HAL_UART_MspInit)
    HardFault_Handler                        0x080017d9   Thumb Code     2  stm32g4xx_it.o(i.HardFault_Handler)
    MX_GPIO_Init                             0x080017dd   Thumb Code    38  gpio.o(i.MX_GPIO_Init)
    MX_TIM7_Init                             0x08001809   Thumb Code    62  tim.o(i.MX_TIM7_Init)
    MX_USART3_UART_Init                      0x08001851   Thumb Code    94  usart.o(i.MX_USART3_UART_Init)
    MemManage_Handler                        0x080018b9   Thumb Code     2  stm32g4xx_it.o(i.MemManage_Handler)
    NMI_Handler                              0x080018bb   Thumb Code     2  stm32g4xx_it.o(i.NMI_Handler)
    PendSV_Handler                           0x080018bd   Thumb Code     2  stm32g4xx_it.o(i.PendSV_Handler)
    SVC_Handler                              0x080018bf   Thumb Code     2  stm32g4xx_it.o(i.SVC_Handler)
    SysTick_Handler                          0x080018c1   Thumb Code     4  stm32g4xx_it.o(i.SysTick_Handler)
    SystemClock_Config                       0x080018c5   Thumb Code    90  main.o(i.SystemClock_Config)
    SystemInit                               0x08001921   Thumb Code    12  system_stm32g4xx.o(i.SystemInit)
    TIM7_DAC_IRQHandler                      0x08001931   Thumb Code    24  porttimer.o(i.TIM7_DAC_IRQHandler)
    TIM_Base_SetConfig                       0x08001951   Thumb Code   184  stm32g4xx_hal_tim.o(i.TIM_Base_SetConfig)
    UART_AdvFeatureConfig                    0x08001a71   Thumb Code   200  stm32g4xx_hal_uart.o(i.UART_AdvFeatureConfig)
    UART_CheckIdleState                      0x08001b39   Thumb Code   172  stm32g4xx_hal_uart.o(i.UART_CheckIdleState)
    UART_SetConfig                           0x08001c39   Thumb Code   614  stm32g4xx_hal_uart.o(i.UART_SetConfig)
    UART_WaitOnFlagUntilTimeout              0x08001ed1   Thumb Code   148  stm32g4xx_hal_uart.o(i.UART_WaitOnFlagUntilTimeout)
    USART3_IRQHandler                        0x08001f65   Thumb Code    28  portserial.o(i.USART3_IRQHandler)
    UsageFault_Handler                       0x08001f8d   Thumb Code     2  stm32g4xx_it.o(i.UsageFault_Handler)
    eMBEnable                                0x08001fb1   Thumb Code    28  mb.o(i.eMBEnable)
    eMBFuncReadCoils                         0x08001fd1   Thumb Code   114  mbfunccoils.o(i.eMBFuncReadCoils)
    eMBFuncReadDiscreteInputs                0x08002043   Thumb Code   114  mbfuncdisc.o(i.eMBFuncReadDiscreteInputs)
    eMBFuncReadHoldingRegister               0x080020b5   Thumb Code   100  mbfuncholding.o(i.eMBFuncReadHoldingRegister)
    eMBFuncReadInputRegister                 0x08002119   Thumb Code    98  mbfuncinput.o(i.eMBFuncReadInputRegister)
    eMBFuncReadWriteMultipleHoldingRegister  0x0800217b   Thumb Code   156  mbfuncholding.o(i.eMBFuncReadWriteMultipleHoldingRegister)
    eMBFuncReportSlaveID                     0x08002219   Thumb Code    26  mbfuncother.o(i.eMBFuncReportSlaveID)
    eMBFuncWriteCoil                         0x0800223d   Thumb Code    86  mbfunccoils.o(i.eMBFuncWriteCoil)
    eMBFuncWriteHoldingRegister              0x08002293   Thumb Code    50  mbfuncholding.o(i.eMBFuncWriteHoldingRegister)
    eMBFuncWriteMultipleCoils                0x080022c5   Thumb Code   100  mbfunccoils.o(i.eMBFuncWriteMultipleCoils)
    eMBFuncWriteMultipleHoldingRegister      0x08002329   Thumb Code    78  mbfuncholding.o(i.eMBFuncWriteMultipleHoldingRegister)
    eMBInit                                  0x08002379   Thumb Code    96  mb.o(i.eMBInit)
    eMBPoll                                  0x080023f9   Thumb Code   172  mb.o(i.eMBPoll)
    eMBRTUInit                               0x080024a9   Thumb Code    58  mbrtu.o(i.eMBRTUInit)
    eMBRTUReceive                            0x080024e9   Thumb Code    74  mbrtu.o(i.eMBRTUReceive)
    eMBRTUSend                               0x0800253d   Thumb Code    84  mbrtu.o(i.eMBRTUSend)
    eMBRTUStart                              0x08002599   Thumb Code    26  mbrtu.o(i.eMBRTUStart)
    eMBRTUStop                               0x080025b9   Thumb Code    20  mbrtu.o(i.eMBRTUStop)
    eMBRegCoilsCB                            0x080025cd   Thumb Code   154  user_mb_app.o(i.eMBRegCoilsCB)
    eMBRegDiscreteCB                         0x0800266d   Thumb Code   112  user_mb_app.o(i.eMBRegDiscreteCB)
    eMBRegHoldingCB                          0x080026e1   Thumb Code   104  user_mb_app.o(i.eMBRegHoldingCB)
    eMBRegInputCB                            0x08002751   Thumb Code    66  user_mb_app.o(i.eMBRegInputCB)
    main                                     0x0800279d   Thumb Code    62  main.o(i.main)
    prveMBError2Exception                    0x080027e1   Thumb Code    24  mbutils.o(i.prveMBError2Exception)
    usMBCRC16                                0x080027f9   Thumb Code    40  mbcrc.o(i.usMBCRC16)
    vMBPortSerialEnable                      0x08002825   Thumb Code    44  portserial.o(i.vMBPortSerialEnable)
    vMBPortTimersDisable                     0x08002855   Thumb Code     6  porttimer.o(i.vMBPortTimersDisable)
    vMBPortTimersEnable                      0x08002861   Thumb Code    20  porttimer.o(i.vMBPortTimersEnable)
    xMBPortEventGet                          0x08002879   Thumb Code    24  portevent.o(i.xMBPortEventGet)
    xMBPortEventInit                         0x08002895   Thumb Code    10  portevent.o(i.xMBPortEventInit)
    xMBPortEventPost                         0x080028a5   Thumb Code    12  portevent.o(i.xMBPortEventPost)
    xMBPortSerialGetByte                     0x080028b5   Thumb Code    10  portserial.o(i.xMBPortSerialGetByte)
    xMBPortSerialInit                        0x080028c5   Thumb Code     4  portserial.o(i.xMBPortSerialInit)
    xMBPortSerialPutByte                     0x080028c9   Thumb Code     8  portserial.o(i.xMBPortSerialPutByte)
    xMBPortTimersInit                        0x080028d5   Thumb Code    14  porttimer.o(i.xMBPortTimersInit)
    xMBRTUReceiveFSM                         0x080028e9   Thumb Code    96  mbrtu.o(i.xMBRTUReceiveFSM)
    xMBRTUTimerT35Expired                    0x08002951   Thumb Code    58  mbrtu.o(i.xMBRTUTimerT35Expired)
    xMBRTUTransmitFSM                        0x08002991   Thumb Code    86  mbrtu.o(i.xMBRTUTransmitFSM)
    xMBUtilGetBits                           0x080029ed   Thumb Code    34  mbutils.o(i.xMBUtilGetBits)
    xMBUtilSetBits                           0x08002a0f   Thumb Code    50  mbutils.o(i.xMBUtilSetBits)
    _fp_init                                 0x08002a41   Thumb Code    10  fpinit.o(x$fpl$fpinit)
    __fplib_config_fpu_vfp                   0x08002a49   Thumb Code     0  fpinit.o(x$fpl$fpinit)
    __fplib_config_pureend_doubles           0x08002a49   Thumb Code     0  fpinit.o(x$fpl$fpinit)
    UARTPrescTable                           0x08002a4a   Data          24  stm32g4xx_hal_uart.o(.constdata)
    AHBPrescTable                            0x08002a72   Data          16  system_stm32g4xx.o(.constdata)
    APBPrescTable                            0x08002a82   Data           8  system_stm32g4xx.o(.constdata)
    Region$$Table$$Base                      0x08002c8c   Number         0  anon$$obj.o(Region$$Table)
    Region$$Table$$Limit                     0x08002cac   Number         0  anon$$obj.o(Region$$Table)
    usSDiscInStart                           0x20000000   Data           2  user_mb_app.o(.data)
    usSCoilStart                             0x20000002   Data           2  user_mb_app.o(.data)
    usSRegInStart                            0x20000004   Data           2  user_mb_app.o(.data)
    usSRegHoldStart                          0x20000006   Data           2  user_mb_app.o(.data)
    ucSDiscInBuf                             0x20000008   Data           2  user_mb_app.o(.data)
    ucSCoilBuf                               0x2000000a   Data           8  user_mb_app.o(.data)
    uwTickPrio                               0x20000014   Data           4  stm32g4xx_hal.o(.data)
    uwTickFreq                               0x20000018   Data           4  stm32g4xx_hal.o(.data)
    uwTick                                   0x2000001c   Data           4  stm32g4xx_hal.o(.data)
    SystemCoreClock                          0x20000020   Data           4  system_stm32g4xx.o(.data)
    pxMBFrameCBByteReceived                  0x20000044   Data           4  mb.o(.data)
    pxMBFrameCBTransmitterEmpty              0x20000048   Data           4  mb.o(.data)
    pxMBPortCBTimerExpired                   0x2000004c   Data           4  mb.o(.data)
    usSRegInBuf                              0x200000e0   Data         200  user_mb_app.o(.bss)
    usSRegHoldBuf                            0x200001a8   Data         200  user_mb_app.o(.bss)
    htim7                                    0x20000270   Data          76  tim.o(.bss)
    huart3                                   0x200002bc   Data         148  usart.o(.bss)
    ucRTUBuf                                 0x20000370   Data         256  mbrtu.o(.bss)
    __libspace_start                         0x20000470   Data          96  libspace.o(.bss)
    __temporary_stack_top$libspace           0x200004d0   Data           0  libspace.o(.bss)



==============================================================================

Memory Map of the image

  Image Entry point : 0x080001d9

  Load Region LR_IROM1 (Base: 0x08000000, Size: 0x00002d8c, Max: 0x00080000, ABSOLUTE)

    Execution Region ER_IROM1 (Exec base: 0x08000000, Load base: 0x08000000, Size: 0x00002cac, Max: 0x00080000, ABSOLUTE)

    Exec Addr    Load Addr    Size         Type   Attr      Idx    E Section Name        Object

    0x08000000   0x08000000   0x000001d8   Data   RO            3    RESET               startup_stm32g474xx.o
    0x080001d8   0x080001d8   0x00000008   Code   RO         4131  * !!!main             c_w.l(__main.o)
    0x080001e0   0x080001e0   0x00000034   Code   RO         4306    !!!scatter          c_w.l(__scatter.o)
    0x08000214   0x08000214   0x0000001a   Code   RO         4308    !!handler_copy      c_w.l(__scatter_copy.o)
    0x0800022e   0x0800022e   0x00000002   PAD
    0x08000230   0x08000230   0x0000001c   Code   RO         4310    !!handler_zi        c_w.l(__scatter_zi.o)
    0x0800024c   0x0800024c   0x00000002   Code   RO         4189    .ARM.Collect$$libinit$$00000000  c_w.l(libinit.o)
    0x0800024e   0x0800024e   0x00000004   Code   RO         4201    .ARM.Collect$$libinit$$00000001  c_w.l(libinit2.o)
    0x08000252   0x08000252   0x00000000   Code   RO         4204    .ARM.Collect$$libinit$$00000004  c_w.l(libinit2.o)
    0x08000252   0x08000252   0x00000000   Code   RO         4207    .ARM.Collect$$libinit$$0000000A  c_w.l(libinit2.o)
    0x08000252   0x08000252   0x00000000   Code   RO         4209    .ARM.Collect$$libinit$$0000000C  c_w.l(libinit2.o)
    0x08000252   0x08000252   0x00000000   Code   RO         4211    .ARM.Collect$$libinit$$0000000E  c_w.l(libinit2.o)
    0x08000252   0x08000252   0x00000000   Code   RO         4214    .ARM.Collect$$libinit$$00000011  c_w.l(libinit2.o)
    0x08000252   0x08000252   0x00000000   Code   RO         4216    .ARM.Collect$$libinit$$00000013  c_w.l(libinit2.o)
    0x08000252   0x08000252   0x00000000   Code   RO         4218    .ARM.Collect$$libinit$$00000015  c_w.l(libinit2.o)
    0x08000252   0x08000252   0x00000000   Code   RO         4220    .ARM.Collect$$libinit$$00000017  c_w.l(libinit2.o)
    0x08000252   0x08000252   0x00000000   Code   RO         4222    .ARM.Collect$$libinit$$00000019  c_w.l(libinit2.o)
    0x08000252   0x08000252   0x00000000   Code   RO         4224    .ARM.Collect$$libinit$$0000001B  c_w.l(libinit2.o)
    0x08000252   0x08000252   0x00000000   Code   RO         4226    .ARM.Collect$$libinit$$0000001D  c_w.l(libinit2.o)
    0x08000252   0x08000252   0x00000000   Code   RO         4228    .ARM.Collect$$libinit$$0000001F  c_w.l(libinit2.o)
    0x08000252   0x08000252   0x00000000   Code   RO         4230    .ARM.Collect$$libinit$$00000021  c_w.l(libinit2.o)
    0x08000252   0x08000252   0x00000000   Code   RO         4232    .ARM.Collect$$libinit$$00000023  c_w.l(libinit2.o)
    0x08000252   0x08000252   0x00000000   Code   RO         4234    .ARM.Collect$$libinit$$00000025  c_w.l(libinit2.o)
    0x08000252   0x08000252   0x00000000   Code   RO         4238    .ARM.Collect$$libinit$$0000002C  c_w.l(libinit2.o)
    0x08000252   0x08000252   0x00000000   Code   RO         4240    .ARM.Collect$$libinit$$0000002E  c_w.l(libinit2.o)
    0x08000252   0x08000252   0x00000000   Code   RO         4242    .ARM.Collect$$libinit$$00000030  c_w.l(libinit2.o)
    0x08000252   0x08000252   0x00000000   Code   RO         4244    .ARM.Collect$$libinit$$00000032  c_w.l(libinit2.o)
    0x08000252   0x08000252   0x00000002   Code   RO         4245    .ARM.Collect$$libinit$$00000033  c_w.l(libinit2.o)
    0x08000254   0x08000254   0x00000002   Code   RO         4277    .ARM.Collect$$libshutdown$$00000000  c_w.l(libshutdown.o)
    0x08000256   0x08000256   0x00000000   Code   RO         4287    .ARM.Collect$$libshutdown$$00000002  c_w.l(libshutdown2.o)
    0x08000256   0x08000256   0x00000000   Code   RO         4289    .ARM.Collect$$libshutdown$$00000004  c_w.l(libshutdown2.o)
    0x08000256   0x08000256   0x00000000   Code   RO         4291    .ARM.Collect$$libshutdown$$00000006  c_w.l(libshutdown2.o)
    0x08000256   0x08000256   0x00000000   Code   RO         4294    .ARM.Collect$$libshutdown$$00000009  c_w.l(libshutdown2.o)
    0x08000256   0x08000256   0x00000000   Code   RO         4297    .ARM.Collect$$libshutdown$$0000000C  c_w.l(libshutdown2.o)
    0x08000256   0x08000256   0x00000000   Code   RO         4299    .ARM.Collect$$libshutdown$$0000000E  c_w.l(libshutdown2.o)
    0x08000256   0x08000256   0x00000000   Code   RO         4302    .ARM.Collect$$libshutdown$$00000011  c_w.l(libshutdown2.o)
    0x08000256   0x08000256   0x00000002   Code   RO         4303    .ARM.Collect$$libshutdown$$00000012  c_w.l(libshutdown2.o)
    0x08000258   0x08000258   0x00000000   Code   RO         4135    .ARM.Collect$$rtentry$$00000000  c_w.l(__rtentry.o)
    0x08000258   0x08000258   0x00000000   Code   RO         4150    .ARM.Collect$$rtentry$$00000002  c_w.l(__rtentry2.o)
    0x08000258   0x08000258   0x00000006   Code   RO         4162    .ARM.Collect$$rtentry$$00000004  c_w.l(__rtentry4.o)
    0x0800025e   0x0800025e   0x00000000   Code   RO         4152    .ARM.Collect$$rtentry$$00000009  c_w.l(__rtentry2.o)
    0x0800025e   0x0800025e   0x00000004   Code   RO         4153    .ARM.Collect$$rtentry$$0000000A  c_w.l(__rtentry2.o)
    0x08000262   0x08000262   0x00000000   Code   RO         4155    .ARM.Collect$$rtentry$$0000000C  c_w.l(__rtentry2.o)
    0x08000262   0x08000262   0x00000008   Code   RO         4156    .ARM.Collect$$rtentry$$0000000D  c_w.l(__rtentry2.o)
    0x0800026a   0x0800026a   0x00000002   Code   RO         4195    .ARM.Collect$$rtexit$$00000000  c_w.l(rtexit.o)
    0x0800026c   0x0800026c   0x00000000   Code   RO         4247    .ARM.Collect$$rtexit$$00000002  c_w.l(rtexit2.o)
    0x0800026c   0x0800026c   0x00000004   Code   RO         4248    .ARM.Collect$$rtexit$$00000003  c_w.l(rtexit2.o)
    0x08000270   0x08000270   0x00000006   Code   RO         4249    .ARM.Collect$$rtexit$$00000004  c_w.l(rtexit2.o)
    0x08000276   0x08000276   0x00000002   PAD
    0x08000278   0x08000278   0x00000040   Code   RO            4    .text               startup_stm32g474xx.o
    0x080002b8   0x080002b8   0x000000ee   Code   RO         4121    .text               c_w.l(lludivv7m.o)
    0x080003a6   0x080003a6   0x00000016   Code   RO         4123    .text               c_w.l(abort.o)
    0x080003bc   0x080003bc   0x0000008a   Code   RO         4125    .text               c_w.l(rt_memcpy_v6.o)
    0x08000446   0x08000446   0x0000004e   Code   RO         4127    .text               c_w.l(rt_memclr_w.o)
    0x08000494   0x08000494   0x00000006   Code   RO         4129    .text               c_w.l(heapauxi.o)
    0x0800049a   0x0800049a   0x00000002   PAD
    0x0800049c   0x0800049c   0x0000000c   Code   RO         4133    .text               c_w.l(sys_exit.o)
    0x080004a8   0x080004a8   0x0000000e   Code   RO         4140    .text               c_w.l(defsig_abrt_outer.o)
    0x080004b6   0x080004b6   0x00000064   Code   RO         4144    .text               c_w.l(rt_memcpy_w.o)
    0x0800051a   0x0800051a   0x00000002   Code   RO         4146    .text               c_w.l(use_no_semi.o)
    0x0800051c   0x0800051c   0x00000000   Code   RO         4148    .text               c_w.l(indicate_semi.o)
    0x0800051c   0x0800051c   0x0000000a   Code   RO         4168    .text               c_w.l(defsig_exit.o)
    0x08000526   0x08000526   0x00000002   PAD
    0x08000528   0x08000528   0x00000030   Code   RO         4170    .text               c_w.l(defsig_abrt_inner.o)
    0x08000558   0x08000558   0x0000004a   Code   RO         4172    .text               c_w.l(sys_stackheap_outer.o)
    0x080005a2   0x080005a2   0x00000012   Code   RO         4174    .text               c_w.l(exit.o)
    0x080005b4   0x080005b4   0x00000032   Code   RO         4178    .text               c_w.l(defsig_general.o)
    0x080005e6   0x080005e6   0x0000000e   Code   RO         4190    .text               c_w.l(sys_wrch.o)
    0x080005f4   0x080005f4   0x00000008   Code   RO         4192    .text               c_w.l(libspace.o)
    0x080005fc   0x080005fc   0x00000002   Code   RO          376    i.BusFault_Handler  stm32g4xx_it.o
    0x080005fe   0x080005fe   0x00000002   Code   RO          377    i.DebugMon_Handler  stm32g4xx_it.o
    0x08000600   0x08000600   0x00000004   Code   RO           85    i.Error_Handler     main.o
    0x08000604   0x08000604   0x00000234   Code   RO         2592    i.HAL_GPIO_Init     stm32g4xx_hal_gpio.o
    0x08000838   0x08000838   0x0000000c   Code   RO         1871    i.HAL_GetTick       stm32g4xx_hal.o
    0x08000844   0x08000844   0x00000010   Code   RO         1877    i.HAL_IncTick       stm32g4xx_hal.o
    0x08000854   0x08000854   0x0000001e   Code   RO         1878    i.HAL_Init          stm32g4xx_hal.o
    0x08000872   0x08000872   0x00000002   PAD
    0x08000874   0x08000874   0x00000044   Code   RO         1879    i.HAL_InitTick      stm32g4xx_hal.o
    0x080008b8   0x080008b8   0x00000030   Code   RO          451    i.HAL_MspInit       stm32g4xx_hal_msp.o
    0x080008e8   0x080008e8   0x0000001a   Code   RO         3001    i.HAL_NVIC_EnableIRQ  stm32g4xx_hal_cortex.o
    0x08000902   0x08000902   0x00000002   PAD
    0x08000904   0x08000904   0x00000040   Code   RO         3007    i.HAL_NVIC_SetPriority  stm32g4xx_hal_cortex.o
    0x08000944   0x08000944   0x00000024   Code   RO         3008    i.HAL_NVIC_SetPriorityGrouping  stm32g4xx_hal_cortex.o
    0x08000968   0x08000968   0x000000bc   Code   RO          476    i.HAL_PWREx_ControlVoltageScaling  stm32g4xx_hal_pwr_ex.o
    0x08000a24   0x08000a24   0x00000010   Code   RO          488    i.HAL_PWREx_DisableUCPDDeadBattery  stm32g4xx_hal_pwr_ex.o
    0x08000a34   0x08000a34   0x00000300   Code   RO         2238    i.HAL_RCCEx_PeriphCLKConfig  stm32g4xx_hal_rcc_ex.o
    0x08000d34   0x08000d34   0x000001dc   Code   RO         2113    i.HAL_RCC_ClockConfig  stm32g4xx_hal_rcc.o
    0x08000f10   0x08000f10   0x00000024   Code   RO         2121    i.HAL_RCC_GetPCLK1Freq  stm32g4xx_hal_rcc.o
    0x08000f34   0x08000f34   0x00000024   Code   RO         2122    i.HAL_RCC_GetPCLK2Freq  stm32g4xx_hal_rcc.o
    0x08000f58   0x08000f58   0x0000006c   Code   RO         2123    i.HAL_RCC_GetSysClockFreq  stm32g4xx_hal_rcc.o
    0x08000fc4   0x08000fc4   0x00000404   Code   RO         2126    i.HAL_RCC_OscConfig  stm32g4xx_hal_rcc.o
    0x080013c8   0x080013c8   0x00000028   Code   RO         3012    i.HAL_SYSTICK_Config  stm32g4xx_hal_cortex.o
    0x080013f0   0x080013f0   0x000000b8   Code   RO         1473    i.HAL_TIMEx_MasterConfigSynchronization  stm32g4xx_hal_tim_ex.o
    0x080014a8   0x080014a8   0x00000062   Code   RO          717    i.HAL_TIM_Base_Init  stm32g4xx_hal_tim.o
    0x0800150a   0x0800150a   0x00000002   PAD
    0x0800150c   0x0800150c   0x0000003c   Code   RO          293    i.HAL_TIM_Base_MspInit  tim.o
    0x08001548   0x08001548   0x0000008c   Code   RO          722    i.HAL_TIM_Base_Start_IT  stm32g4xx_hal_tim.o
    0x080015d4   0x080015d4   0x00000034   Code   RO          725    i.HAL_TIM_Base_Stop_IT  stm32g4xx_hal_tim.o
    0x08001608   0x08001608   0x0000003e   Code   RO         3561    i.HAL_UARTEx_DisableFifoMode  stm32g4xx_hal_uart_ex.o
    0x08001646   0x08001646   0x0000004c   Code   RO         3570    i.HAL_UARTEx_SetRxFifoThreshold  stm32g4xx_hal_uart_ex.o
    0x08001692   0x08001692   0x0000004c   Code   RO         3571    i.HAL_UARTEx_SetTxFifoThreshold  stm32g4xx_hal_uart_ex.o
    0x080016de   0x080016de   0x0000006a   Code   RO         3170    i.HAL_UART_Init     stm32g4xx_hal_uart.o
    0x08001748   0x08001748   0x00000090   Code   RO          335    i.HAL_UART_MspInit  usart.o
    0x080017d8   0x080017d8   0x00000002   Code   RO          378    i.HardFault_Handler  stm32g4xx_it.o
    0x080017da   0x080017da   0x00000002   PAD
    0x080017dc   0x080017dc   0x0000002c   Code   RO          268    i.MX_GPIO_Init      gpio.o
    0x08001808   0x08001808   0x00000048   Code   RO          294    i.MX_TIM7_Init      tim.o
    0x08001850   0x08001850   0x00000068   Code   RO          336    i.MX_USART3_UART_Init  usart.o
    0x080018b8   0x080018b8   0x00000002   Code   RO          379    i.MemManage_Handler  stm32g4xx_it.o
    0x080018ba   0x080018ba   0x00000002   Code   RO          380    i.NMI_Handler       stm32g4xx_it.o
    0x080018bc   0x080018bc   0x00000002   Code   RO          381    i.PendSV_Handler    stm32g4xx_it.o
    0x080018be   0x080018be   0x00000002   Code   RO          382    i.SVC_Handler       stm32g4xx_it.o
    0x080018c0   0x080018c0   0x00000004   Code   RO          383    i.SysTick_Handler   stm32g4xx_it.o
    0x080018c4   0x080018c4   0x0000005a   Code   RO           87    i.SystemClock_Config  main.o
    0x0800191e   0x0800191e   0x00000002   PAD
    0x08001920   0x08001920   0x00000010   Code   RO         3680    i.SystemInit        system_stm32g4xx.o
    0x08001930   0x08001930   0x00000020   Code   RO         3990    i.TIM7_DAC_IRQHandler  porttimer.o
    0x08001950   0x08001950   0x000000dc   Code   RO          810    i.TIM_Base_SetConfig  stm32g4xx_hal_tim.o
    0x08001a2c   0x08001a2c   0x00000044   Code   RO         3575    i.UARTEx_SetNbDataToProcess  stm32g4xx_hal_uart_ex.o
    0x08001a70   0x08001a70   0x000000c8   Code   RO         3184    i.UART_AdvFeatureConfig  stm32g4xx_hal_uart.o
    0x08001b38   0x08001b38   0x000000ac   Code   RO         3185    i.UART_CheckIdleState  stm32g4xx_hal_uart.o
    0x08001be4   0x08001be4   0x00000054   Code   RO         3196    i.UART_EndRxTransfer  stm32g4xx_hal_uart.o
    0x08001c38   0x08001c38   0x00000298   Code   RO         3202    i.UART_SetConfig    stm32g4xx_hal_uart.o
    0x08001ed0   0x08001ed0   0x00000094   Code   RO         3209    i.UART_WaitOnFlagUntilTimeout  stm32g4xx_hal_uart.o
    0x08001f64   0x08001f64   0x00000028   Code   RO         3932    i.USART3_IRQHandler  portserial.o
    0x08001f8c   0x08001f8c   0x00000002   Code   RO          384    i.UsageFault_Handler  stm32g4xx_it.o
    0x08001f8e   0x08001f8e   0x00000020   Code   RO         3014    i.__NVIC_SetPriority  stm32g4xx_hal_cortex.o
    0x08001fae   0x08001fae   0x00000002   PAD
    0x08001fb0   0x08001fb0   0x00000020   Code   RO         3716    i.eMBEnable         mb.o
    0x08001fd0   0x08001fd0   0x00000072   Code   RO         3780    i.eMBFuncReadCoils  mbfunccoils.o
    0x08002042   0x08002042   0x00000072   Code   RO         3804    i.eMBFuncReadDiscreteInputs  mbfuncdisc.o
    0x080020b4   0x080020b4   0x00000064   Code   RO         3816    i.eMBFuncReadHoldingRegister  mbfuncholding.o
    0x08002118   0x08002118   0x00000062   Code   RO         3846    i.eMBFuncReadInputRegister  mbfuncinput.o
    0x0800217a   0x0800217a   0x0000009c   Code   RO         3817    i.eMBFuncReadWriteMultipleHoldingRegister  mbfuncholding.o
    0x08002216   0x08002216   0x00000002   PAD
    0x08002218   0x08002218   0x00000024   Code   RO         3858    i.eMBFuncReportSlaveID  mbfuncother.o
    0x0800223c   0x0800223c   0x00000056   Code   RO         3781    i.eMBFuncWriteCoil  mbfunccoils.o
    0x08002292   0x08002292   0x00000032   Code   RO         3818    i.eMBFuncWriteHoldingRegister  mbfuncholding.o
    0x080022c4   0x080022c4   0x00000064   Code   RO         3782    i.eMBFuncWriteMultipleCoils  mbfunccoils.o
    0x08002328   0x08002328   0x0000004e   Code   RO         3819    i.eMBFuncWriteMultipleHoldingRegister  mbfuncholding.o
    0x08002376   0x08002376   0x00000002   PAD
    0x08002378   0x08002378   0x00000080   Code   RO         3717    i.eMBInit           mb.o
    0x080023f8   0x080023f8   0x000000b0   Code   RO         3718    i.eMBPoll           mb.o
    0x080024a8   0x080024a8   0x00000040   Code   RO         4043    i.eMBRTUInit        mbrtu.o
    0x080024e8   0x080024e8   0x00000054   Code   RO         4044    i.eMBRTUReceive     mbrtu.o
    0x0800253c   0x0800253c   0x0000005c   Code   RO         4045    i.eMBRTUSend        mbrtu.o
    0x08002598   0x08002598   0x00000020   Code   RO         4046    i.eMBRTUStart       mbrtu.o
    0x080025b8   0x080025b8   0x00000014   Code   RO         4047    i.eMBRTUStop        mbrtu.o
    0x080025cc   0x080025cc   0x000000a0   Code   RO           10    i.eMBRegCoilsCB     user_mb_app.o
    0x0800266c   0x0800266c   0x00000074   Code   RO           11    i.eMBRegDiscreteCB  user_mb_app.o
    0x080026e0   0x080026e0   0x00000070   Code   RO           12    i.eMBRegHoldingCB   user_mb_app.o
    0x08002750   0x08002750   0x0000004c   Code   RO           13    i.eMBRegInputCB     user_mb_app.o
    0x0800279c   0x0800279c   0x00000044   Code   RO           88    i.main              main.o
    0x080027e0   0x080027e0   0x00000018   Code   RO         3879    i.prveMBError2Exception  mbutils.o
    0x080027f8   0x080027f8   0x0000002c   Code   RO         4029    i.usMBCRC16         mbcrc.o
    0x08002824   0x08002824   0x00000030   Code   RO         3933    i.vMBPortSerialEnable  portserial.o
    0x08002854   0x08002854   0x0000000c   Code   RO         4020    i.vMBPortTimersDisable  porttimer.o
    0x08002860   0x08002860   0x00000018   Code   RO         4014    i.vMBPortTimersEnable  porttimer.o
    0x08002878   0x08002878   0x0000001c   Code   RO         3903    i.xMBPortEventGet   portevent.o
    0x08002894   0x08002894   0x00000010   Code   RO         3904    i.xMBPortEventInit  portevent.o
    0x080028a4   0x080028a4   0x00000010   Code   RO         3905    i.xMBPortEventPost  portevent.o
    0x080028b4   0x080028b4   0x00000010   Code   RO         3968    i.xMBPortSerialGetByte  portserial.o
    0x080028c4   0x080028c4   0x00000004   Code   RO         3934    i.xMBPortSerialInit  portserial.o
    0x080028c8   0x080028c8   0x0000000c   Code   RO         3962    i.xMBPortSerialPutByte  portserial.o
    0x080028d4   0x080028d4   0x00000014   Code   RO         3991    i.xMBPortTimersInit  porttimer.o
    0x080028e8   0x080028e8   0x00000068   Code   RO         4048    i.xMBRTUReceiveFSM  mbrtu.o
    0x08002950   0x08002950   0x00000040   Code   RO         4049    i.xMBRTUTimerT35Expired  mbrtu.o
    0x08002990   0x08002990   0x0000005c   Code   RO         4050    i.xMBRTUTransmitFSM  mbrtu.o
    0x080029ec   0x080029ec   0x00000022   Code   RO         3880    i.xMBUtilGetBits    mbutils.o
    0x08002a0e   0x08002a0e   0x00000032   Code   RO         3881    i.xMBUtilSetBits    mbutils.o
    0x08002a40   0x08002a40   0x0000000a   Code   RO         4269    x$fpl$fpinit        fz_wm.l(fpinit.o)
    0x08002a4a   0x08002a4a   0x00000018   Data   RO         3210    .constdata          stm32g4xx_hal_uart.o
    0x08002a62   0x08002a62   0x00000010   Data   RO         3576    .constdata          stm32g4xx_hal_uart_ex.o
    0x08002a72   0x08002a72   0x00000010   Data   RO         3681    .constdata          system_stm32g4xx.o
    0x08002a82   0x08002a82   0x00000008   Data   RO         3682    .constdata          system_stm32g4xx.o
    0x08002a8a   0x08002a8a   0x00000200   Data   RO         4030    .constdata          mbcrc.o
    0x08002c8a   0x08002c8a   0x00000002   PAD
    0x08002c8c   0x08002c8c   0x00000020   Data   RO         4304    Region$$Table       anon$$obj.o


    Execution Region RW_IRAM1 (Exec base: 0x20000000, Load base: 0x08002cac, Size: 0x00000ad0, Max: 0x00020000, ABSOLUTE)

    Exec Addr    Load Addr    Size         Type   Attr      Idx    E Section Name        Object

    0x20000000   0x08002cac   0x00000012   Data   RW           15    .data               user_mb_app.o
    0x20000012   0x08002cbe   0x00000002   PAD
    0x20000014   0x08002cc0   0x0000000c   Data   RW         1898    .data               stm32g4xx_hal.o
    0x20000020   0x08002ccc   0x00000004   Data   RW         3683    .data               system_stm32g4xx.o
    0x20000024   0x08002cd0   0x000000ac   Data   RW         3720    .data               mb.o
    0x200000d0   0x08002d7c   0x00000002   Data   RW         3861    .data               mbfuncother.o
    0x200000d2   0x08002d7e   0x00000002   Data   RW         3906    .data               portevent.o
    0x200000d4   0x08002d80   0x0000000c   Data   RW         4052    .data               mbrtu.o
    0x200000e0        -       0x00000190   Zero   RW           14    .bss                user_mb_app.o
    0x20000270        -       0x0000004c   Zero   RW          295    .bss                tim.o
    0x200002bc        -       0x00000094   Zero   RW          337    .bss                usart.o
    0x20000350        -       0x00000020   Zero   RW         3860    .bss                mbfuncother.o
    0x20000370        -       0x00000100   Zero   RW         4051    .bss                mbrtu.o
    0x20000470        -       0x00000060   Zero   RW         4193    .bss                c_w.l(libspace.o)
    0x200004d0        -       0x00000200   Zero   RW            2    HEAP                startup_stm32g474xx.o
    0x200006d0        -       0x00000400   Zero   RW            1    STACK               startup_stm32g474xx.o


==============================================================================

Image component sizes


      Code (inc. data)   RO Data    RW Data    ZI Data      Debug   Object Name

        44          6          0          0          0        779   gpio.o
       162          6          0          0          0     873153   main.o
       336         40          0        172          0       4667   mb.o
        44          4        512          0          0       1164   mbcrc.o
       300          0          0          0          0       3666   mbfunccoils.o
       114          0          0          0          0       1496   mbfuncdisc.o
       384          0          0          0          0       5059   mbfuncholding.o
        98          0          0          0          0       1491   mbfuncinput.o
        36         10          0          2         32       1287   mbfuncother.o
       552         50          0         12        256       6123   mbrtu.o
       108          0          0          0          0       2522   mbutils.o
        60         14          0          2          0       2168   portevent.o
       120         26          0          0          0       5274   portserial.o
        88         24          0          0          0       2435   porttimer.o
        64         26        472          0       1536        832   startup_stm32g474xx.o
       126         20          0         12          0       3621   stm32g4xx_hal.o
       198         14          0          0          0      33771   stm32g4xx_hal_cortex.o
       564         32          0          0          0       1628   stm32g4xx_hal_gpio.o
        48          6          0          0          0        846   stm32g4xx_hal_msp.o
       204         18          0          0          0       1385   stm32g4xx_hal_pwr_ex.o
      1684         88          0          0          0       6216   stm32g4xx_hal_rcc.o
       768         10          0          0          0       1960   stm32g4xx_hal_rcc_ex.o
       510         76          0          0          0       3978   stm32g4xx_hal_tim.o
       184         34          0          0          0       1460   stm32g4xx_hal_tim_ex.o
      1374         76         24          0          0      24994   stm32g4xx_hal_uart.o
       282          6         16          0          0       3617   stm32g4xx_hal_uart_ex.o
        20          0          0          0          0       4070   stm32g4xx_it.o
        16          4         24          4          0       1091   system_stm32g4xx.o
       132         20          0          0         76       1566   tim.o
       248         24          0          0        148       1758   usart.o
       464         28          0         18        400      13409   user_mb_app.o

    ----------------------------------------------------------------------
      9348        662       1082        224       2448    1017486   Object Totals
         0          0         32          0          0          0   (incl. Generated)
        16          0          2          2          0          0   (incl. Padding)

    ----------------------------------------------------------------------

      Code (inc. data)   RO Data    RW Data    ZI Data      Debug   Library Member Name

         8          0          0          0          0         68   __main.o
         0          0          0          0          0          0   __rtentry.o
        12          0          0          0          0          0   __rtentry2.o
         6          0          0          0          0          0   __rtentry4.o
        52          8          0          0          0          0   __scatter.o
        26          0          0          0          0          0   __scatter_copy.o
        28          0          0          0          0          0   __scatter_zi.o
        22          0          0          0          0         80   abort.o
        48         34          0          0          0         76   defsig_abrt_inner.o
        14          0          0          0          0         80   defsig_abrt_outer.o
        10          0          0          0          0         68   defsig_exit.o
        50          0          0          0          0         88   defsig_general.o
        18          0          0          0          0         80   exit.o
         6          0          0          0          0        152   heapauxi.o
         0          0          0          0          0          0   indicate_semi.o
         2          0          0          0          0          0   libinit.o
         6          0          0          0          0          0   libinit2.o
         2          0          0          0          0          0   libshutdown.o
         2          0          0          0          0          0   libshutdown2.o
         8          4          0          0         96         68   libspace.o
       238          0          0          0          0        100   lludivv7m.o
        78          0          0          0          0         80   rt_memclr_w.o
       138          0          0          0          0         68   rt_memcpy_v6.o
       100          0          0          0          0         80   rt_memcpy_w.o
         2          0          0          0          0          0   rtexit.o
        10          0          0          0          0          0   rtexit2.o
        12          4          0          0          0         68   sys_exit.o
        74          0          0          0          0         80   sys_stackheap_outer.o
        14          0          0          0          0         76   sys_wrch.o
         2          0          0          0          0         68   use_no_semi.o
        10          0          0          0          0        116   fpinit.o

    ----------------------------------------------------------------------
      1006         50          0          0         96       1496   Library Totals
         8          0          0          0          0          0   (incl. Padding)

    ----------------------------------------------------------------------

      Code (inc. data)   RO Data    RW Data    ZI Data      Debug   Library Name

       988         50          0          0         96       1380   c_w.l
        10          0          0          0          0        116   fz_wm.l

    ----------------------------------------------------------------------
      1006         50          0          0         96       1496   Library Totals

    ----------------------------------------------------------------------

==============================================================================


      Code (inc. data)   RO Data    RW Data    ZI Data      Debug   

     10354        712       1082        224       2544    1009806   Grand Totals
     10354        712       1082        224       2544    1009806   ELF Image Totals
     10354        712       1082        224          0          0   ROM Totals

==============================================================================

    Total RO  Size (Code + RO Data)                11436 (  11.17kB)
    Total RW  Size (RW Data + ZI Data)              2768 (   2.70kB)
    Total ROM Size (Code + RO Data + RW Data)      11660 (  11.39kB)

==============================================================================

